<?xml version="1.0" encoding="utf-8"?>
<TestRun id="b537cf20-5e26-4c38-b22c-847f1f440943" name="HasTech@DESKTOP-MA012GO 2026-09-17 22:40:48" runUser="DESKTOP-MA012GO\CodexSandboxOffline" xmlns="http://microsoft.com/schemas/VisualStudio/TeamTest/2010">
  <Times creation="2026-09-17T22:40:49.0056361+03:00" queuing="2026-09-17T22:40:49.0056363+03:00" start="2026-09-17T22:40:44.4937599+03:00" finish="2026-09-17T22:40:51.2758040+03:00" />
  <TestSettings name="default" id="96e13f5c-c2a0-48b9-8f35-5f7cc4caee72">
    <Deployment runDeploymentRoot="HasTech_DESKTOP-MA012GO_2026-09-17_22_40_48" />
  </TestSettings>
  <Results>
    <UnitTestResult executionId="f8167705-fbc6-4664-9728-4d6f58245992" testId="50b78012-ee8a-70a4-d071-78479a8af7c7" testName="CardiacMonitor.UnitTests.Validators.AppointmentValidatorTests.Validate_ReturnsInvalidResult_WhenStatusIsUnsupported(status: &quot;Unknown&quot;)" computerName="DESKTOP-MA012GO" duration="00:00:00.0001172" startTime="2026-09-17T22:40:48.9808979+03:00" endTime="2026-09-17T22:40:48.9808979+03:00" testType="13cdc9d9-ddb5-4fa4-a97d-d965ccfc6d4b" outcome="Passed" testListId="8c84fa94-04c1-424b-9868-57a2d4851a1d" relativeResultsDirectory="f8167705-fbc6-4664-9728-4d6f58245992" />
    <UnitTestResult executionId="9acd662c-1ef5-41b0-add6-15ee0c55e740" testId="e3076a61-cba0-d8f5-a020-101088d3c9e5" testName="CardiacMonitor.UnitTests.Validators.AppointmentValidatorTests.Validate_ReturnsInvalidResult_WhenAppointmentDateIsInThePast" computerName="DESKTOP-MA012GO" duration="00:00:00.9523969" startTime="2026-09-17T22:40:48.9801262+03:00" endTime="2026-09-17T22:40:48.9801263+03:00" testType="13cdc9d9-ddb5-4fa4-a97d-d965ccfc6d4b" outcome="Passed" testListId="8c84fa94-04c1-424b-9868-57a2d4851a1d" relativeResultsDirectory="9acd662c-1ef5-41b0-add6-15ee0c55e740" />
    <UnitTestResult executionId="090c1452-f9a0-4620-9689-8a1f90211406" testId="3c1e8207-a4ae-7700-507e-f8c6cf15dd9e" testName="CardiacMonitor.UnitTests.Services.AppointmentServiceTests.CreateAppointmentAsync_ReturnsNull_WhenDoctorIsUnavailable" computerName="DESKTOP-MA012GO" duration="00:00:00.0248147" startTime="2026-09-17T22:40:51.0521068+03:00" endTime="2026-09-17T22:40:51.0521070+03:00" testType="13cdc9d9-ddb5-4fa4-a97d-d965ccfc6d4b" outcome="Passed" testListId="8c84fa94-04c1-424b-9868-57a2d4851a1d" relativeResultsDirectory="090c1452-f9a0-4620-9689-8a1f90211406" />
    <UnitTestResult executionId="2639f3fd-0fb4-4046-9a5f-370a6ef4acfa" testId="87df3e20-9fcc-fb1b-4d2a-10e83ece6ff2" testName="CardiacMonitor.UnitTests.Services.AppointmentServiceTests.CreateAppointmentAsync_ReturnsNull_WhenUserIsNotInDoctorRole" computerName="DESKTOP-MA012GO" duration="00:00:00.0026979" startTime="2026-09-17T22:40:51.0586647+03:00" endTime="2026-09-17T22:40:51.0586649+03:00" testType="13cdc9d9-ddb5-4fa4-a97d-d965ccfc6d4b" outcome="Passed" testListId="8c84fa94-04c1-424b-9868-57a2d4851a1d" relativeResultsDirectory="2639f3fd-0fb4-4046-9a5f-370a6ef4acfa" />
    <UnitTestResult executionId="5f6bed1f-6fa7-4424-a983-3d5919f431e2" testId="b4c4d2d1-b166-500b-ed8a-d88c5bbe0711" testName="CardiacMonitor.UnitTests.Controllers.PatientsControllerTests.GetById_ReturnsOk_WhenPatientOwnsProfile" computerName="DESKTOP-MA012GO" duration="00:00:01.2032996" startTime="2026-09-17T22:40:49.2191930+03:00" endTime="2026-09-17T22:40:49.2191934+03:00" testType="13cdc9d9-ddb5-4fa4-a97d-d965ccfc6d4b" outcome="Passed" testListId="8c84fa94-04c1-424b-9868-57a2d4851a1d" relativeResultsDirectory="5f6bed1f-6fa7-4424-a983-3d5919f431e2" />
    <UnitTestResult executionId="0f59412a-3674-434f-afaa-5315e8b5d1a6" testId="cf4f72c3-3046-1d44-994b-c930b75a2a1f" testName="CardiacMonitor.UnitTests.Validators.PatientQueryParametersValidatorTests.ValidateAsync_ReturnsErrors_WhenGenderAndSortAreUnsupported" computerName="DESKTOP-MA012GO" duration="00:00:00.9568116" startTime="2026-09-17T22:40:48.9680706+03:00" endTime="2026-09-17T22:40:48.9680707+03:00" testType="13cdc9d9-ddb5-4fa4-a97d-d965ccfc6d4b" outcome="Passed" testListId="8c84fa94-04c1-424b-9868-57a2d4851a1d" relativeResultsDirectory="0f59412a-3674-434f-afaa-5315e8b5d1a6" />
    <UnitTestResult executionId="73d1ebab-c867-4e5a-98a3-4a77bbb32b2d" testId="3aa50b12-5b60-73cc-10bc-2a07cc752074" testName="CardiacMonitor.UnitTests.Validators.VitalSignValidatorTests.Validate_ReturnsInvalidResult_WhenHeartRateIsOutsideRange(heartRate: 29)" computerName="DESKTOP-MA012GO" duration="00:00:00.0002877" startTime="2026-09-17T22:40:48.9828086+03:00" endTime="2026-09-17T22:40:48.9828087+03:00" testType="13cdc9d9-ddb5-4fa4-a97d-d965ccfc6d4b" outcome="Passed" testListId="8c84fa94-04c1-424b-9868-57a2d4851a1d" relativeResultsDirectory="73d1ebab-c867-4e5a-98a3-4a77bbb32b2d" />
    <UnitTestResult executionId="10484ee1-479f-4b4e-a84f-0cc056f901ad" testId="63ff835a-d71e-3c7f-e5be-636eaa7960f0" testName="CardiacMonitor.UnitTests.Validators.Week7RequestValidatorTests.CareAssignmentValidator_ReturnsError_WhenNurseIdIsInvalid" computerName="DESKTOP-MA012GO" duration="00:00:00.9570949" startTime="2026-09-17T22:40:48.9832079+03:00" endTime="2026-09-17T22:40:48.9832080+03:00" testType="13cdc9d9-ddb5-4fa4-a97d-d965ccfc6d4b" outcome="Passed" testListId="8c84fa94-04c1-424b-9868-57a2d4851a1d" relativeResultsDirectory="10484ee1-479f-4b4e-a84f-0cc056f901ad" />
    <UnitTestResult executionId="ffd2ecde-4cd8-4594-82a1-35638b728962" testId="a638ba9c-8361-d3ac-527f-626d91f7b790" testName="CardiacMonitor.UnitTests.Services.AppointmentServiceTests.CreateAppointmentAsync_CreatesAppointment_WhenUserIsInDoctorRole" computerName="DESKTOP-MA012GO" duration="00:00:03.0113661" startTime="2026-09-17T22:40:51.0271758+03:00" endTime="2026-09-17T22:40:51.0271759+03:00" testType="13cdc9d9-ddb5-4fa4-a97d-d965ccfc6d4b" outcome="Passed" testListId="8c84fa94-04c1-424b-9868-57a2d4851a1d" relativeResultsDirectory="ffd2ecde-4cd8-4594-82a1-35638b728962" />
    <UnitTestResult executionId="6940c7af-a0d5-4587-baf3-57f535354d5d" testId="7e8cdc42-98bd-c88d-3c39-8d45e3e1ab01" testName="CardiacMonitor.UnitTests.Validators.PatientQueryParametersValidatorTests.ValidateAsync_ReturnsError_WhenPageSizeExceedsMaximum" computerName="DESKTOP-MA012GO" duration="00:00:00.0018827" startTime="2026-09-17T22:40:48.9809784+03:00" endTime="2026-09-17T22:40:48.9809784+03:00" testType="13cdc9d9-ddb5-4fa4-a97d-d965ccfc6d4b" outcome="Passed" testListId="8c84fa94-04c1-424b-9868-57a2d4851a1d" relativeResultsDirectory="6940c7af-a0d5-4587-baf3-57f535354d5d" />
    <UnitTestResult executionId="5578fa5c-1990-4ebb-82f1-e2e6f38e28f9" testId="1d0a7f0b-fdec-7244-3668-8251b16e8ae7" testName="CardiacMonitor.UnitTests.Services.DoctorScheduleServiceTests.AddAvailabilityAsync_RejectsOverlappingSlot" computerName="DESKTOP-MA012GO" duration="00:00:02.9877201" startTime="2026-09-17T22:40:51.0033328+03:00" endTime="2026-09-17T22:40:51.0033331+03:00" testType="13cdc9d9-ddb5-4fa4-a97d-d965ccfc6d4b" outcome="Passed" testListId="8c84fa94-04c1-424b-9868-57a2d4851a1d" relativeResultsDirectory="5578fa5c-1990-4ebb-82f1-e2e6f38e28f9" />
    <UnitTestResult executionId="ba1ea750-8320-4400-ae83-9dfb071aa3ea" testId="f3f4c0f2-e8cf-ea42-bf6d-3c7b80aed07c" testName="CardiacMonitor.UnitTests.Controllers.PatientsControllerTests.GetById_ReturnsForbidden_WhenPatientDoesNotOwnProfile" computerName="DESKTOP-MA012GO" duration="00:00:00.0065455" startTime="2026-09-17T22:40:49.2258525+03:00" endTime="2026-09-17T22:40:49.2258527+03:00" testType="13cdc9d9-ddb5-4fa4-a97d-d965ccfc6d4b" outcome="Passed" testListId="8c84fa94-04c1-424b-9868-57a2d4851a1d" relativeResultsDirectory="ba1ea750-8320-4400-ae83-9dfb071aa3ea" />
    <UnitTestResult executionId="555110a2-0c06-47cb-8d5e-fdc8b3c3193e" testId="ab8095e5-e14c-9db1-30aa-4622a10e2e55" testName="CardiacMonitor.UnitTests.Validators.VitalSignValidatorTests.Validate_ReturnsInvalidResult_WhenHeartRateIsOutsideRange(heartRate: 500)" computerName="DESKTOP-MA012GO" duration="00:00:00.0001095" startTime="2026-09-17T22:40:48.9829195+03:00" endTime="2026-09-17T22:40:48.9829195+03:00" testType="13cdc9d9-ddb5-4fa4-a97d-d965ccfc6d4b" outcome="Passed" testListId="8c84fa94-04c1-424b-9868-57a2d4851a1d" relativeResultsDirectory="555110a2-0c06-47cb-8d5e-fdc8b3c3193e" />
    <UnitTestResult executionId="561e6cfa-440c-49bd-8e93-3eef47bd314e" testId="d1cb9082-ad77-b71a-b030-33539172dd3b" testName="CardiacMonitor.UnitTests.Services.DoctorScheduleServiceTests.GetAvailabilityAsync_RefreshesCacheAfterAvailabilityIsAdded" computerName="DESKTOP-MA012GO" duration="00:00:00.1559034" startTime="2026-09-17T22:40:51.1593878+03:00" endTime="2026-09-17T22:40:51.1593879+03:00" testType="13cdc9d9-ddb5-4fa4-a97d-d965ccfc6d4b" outcome="Passed" testListId="8c84fa94-04c1-424b-9868-57a2d4851a1d" relativeResultsDirectory="561e6cfa-440c-49bd-8e93-3eef47bd314e" />
    <UnitTestResult executionId="6427e720-5ae3-4cac-922f-7850773933fe" testId="c7dbd96a-9326-f957-0332-ac17636f0bb4" testName="CardiacMonitor.UnitTests.Validators.VitalSignQueryParametersValidatorTests.ValidateAsync_ReturnsError_WhenPageSizeExceedsMaximum" computerName="DESKTOP-MA012GO" duration="00:00:00.4085555" startTime="2026-09-17T22:40:48.9675178+03:00" endTime="2026-09-17T22:40:48.9675180+03:00" testType="13cdc9d9-ddb5-4fa4-a97d-d965ccfc6d4b" outcome="Passed" testListId="8c84fa94-04c1-424b-9868-57a2d4851a1d" relativeResultsDirectory="6427e720-5ae3-4cac-922f-7850773933fe" />
    <UnitTestResult executionId="ec6b3c9d-a83c-4ed2-a7c9-7b36048ff044" testId="1036e696-0be4-116a-e99a-894692481048" testName="CardiacMonitor.UnitTests.Validators.VitalSignValidatorTests.Validate_ReturnsInvalidResult_WhenHeartRateIsOutsideRange(heartRate: 251)" computerName="DESKTOP-MA012GO" duration="00:00:00.0003639" startTime="2026-09-17T22:40:48.9808169+03:00" endTime="2026-09-17T22:40:48.9808170+03:00" testType="13cdc9d9-ddb5-4fa4-a97d-d965ccfc6d4b" outcome="Passed" testListId="8c84fa94-04c1-424b-9868-57a2d4851a1d" relativeResultsDirectory="ec6b3c9d-a83c-4ed2-a7c9-7b36048ff044" />
    <UnitTestResult executionId="a4848ed9-cb4c-4a18-b2ea-57443b4c1cc6" testId="666b30db-320d-0a23-f274-38f673a29435" testName="CardiacMonitor.UnitTests.Services.PatientAccessServiceTests.CanAccessPatientAsync_AllowsOnlyActivelyAssignedNurse" computerName="DESKTOP-MA012GO" duration="00:00:02.9656680" startTime="2026-09-17T22:40:50.9816572+03:00" endTime="2026-09-17T22:40:50.9816576+03:00" testType="13cdc9d9-ddb5-4fa4-a97d-d965ccfc6d4b" outcome="Passed" testListId="8c84fa94-04c1-424b-9868-57a2d4851a1d" relativeResultsDirectory="a4848ed9-cb4c-4a18-b2ea-57443b4c1cc6" />
    <UnitTestResult executionId="c86116be-5012-419b-ac3b-8bfd308b12b6" testId="7f9566a2-16f3-8503-4c3f-c86f1b3fcaf9" testName="CardiacMonitor.UnitTests.Controllers.PatientsControllerTests.GetById_ReturnsProblemDetails_WhenPatientDoesNotExist" computerName="DESKTOP-MA012GO" duration="00:00:00.0061072" startTime="2026-09-17T22:40:49.2320800+03:00" endTime="2026-09-17T22:40:49.2320805+03:00" testType="13cdc9d9-ddb5-4fa4-a97d-d965ccfc6d4b" outcome="Passed" testListId="8c84fa94-04c1-424b-9868-57a2d4851a1d" relativeResultsDirectory="c86116be-5012-419b-ac3b-8bfd308b12b6" />
    <UnitTestResult executionId="7de940c3-1beb-4863-9169-c74b44138ff8" testId="24ce5e18-380b-f9ce-fa28-27e7c2fe9097" testName="CardiacMonitor.UnitTests.Validators.VitalSignValidatorTests.Validate_ReturnsInvalidResult_WhenOxygenSaturationIsOutsideRange(oxygenSaturation: &quot;100.1&quot;)" computerName="DESKTOP-MA012GO" duration="00:00:00.9522621" startTime="2026-09-17T22:40:48.9682147+03:00" endTime="2026-09-17T22:40:48.9682148+03:00" testType="13cdc9d9-ddb5-4fa4-a97d-d965ccfc6d4b" outcome="Passed" testListId="8c84fa94-04c1-424b-9868-57a2d4851a1d" relativeResultsDirectory="7de940c3-1beb-4863-9169-c74b44138ff8" />
    <UnitTestResult executionId="102fd4df-141d-437f-96ce-ab5f759c68b6" testId="f638f260-c242-9e47-5387-135da5638348" testName="CardiacMonitor.UnitTests.Validators.AppointmentValidatorTests.Validate_ReturnsInvalidResult_WhenStatusIsUnsupported(status: &quot;Pending&quot;)" computerName="DESKTOP-MA012GO" duration="00:00:00.0007099" startTime="2026-09-17T22:40:48.9804958+03:00" endTime="2026-09-17T22:40:48.9804959+03:00" testType="13cdc9d9-ddb5-4fa4-a97d-d965ccfc6d4b" outcome="Passed" testListId="8c84fa94-04c1-424b-9868-57a2d4851a1d" relativeResultsDirectory="102fd4df-141d-437f-96ce-ab5f759c68b6" />
    <UnitTestResult executionId="8422c19a-35ed-43c8-a17e-ae1f681717f4" testId="e5233957-0754-b80d-c6f5-0b5408e4a70e" testName="CardiacMonitor.UnitTests.Services.VitalSignServiceTests.CreateVitalSignAsync_CreatesCriticalAlert_WhenThresholdIsExceeded" computerName="DESKTOP-MA012GO" duration="00:00:00.0920478" startTime="2026-09-17T22:40:51.0918833+03:00" endTime="2026-09-17T22:40:51.0918840+03:00" testType="13cdc9d9-ddb5-4fa4-a97d-d965ccfc6d4b" outcome="Passed" testListId="8c84fa94-04c1-424b-9868-57a2d4851a1d" relativeResultsDirectory="8422c19a-35ed-43c8-a17e-ae1f681717f4" />
    <UnitTestResult executionId="29be3880-4c26-488f-a1d8-2b746ebf498c" testId="2dd6bd30-df49-8a88-e94f-98d5c270751a" testName="CardiacMonitor.UnitTests.Validators.AppointmentValidatorTests.Validate_ReturnsInvalidResult_WhenStatusIsUnsupported(status: &quot;&quot;)" computerName="DESKTOP-MA012GO" duration="00:00:00.0003119" startTime="2026-09-17T22:40:48.9807382+03:00" endTime="2026-09-17T22:40:48.9807382+03:00" testType="13cdc9d9-ddb5-4fa4-a97d-d965ccfc6d4b" outcome="Passed" testListId="8c84fa94-04c1-424b-9868-57a2d4851a1d" relativeResultsDirectory="29be3880-4c26-488f-a1d8-2b746ebf498c" />
    <UnitTestResult executionId="c9af46f7-f2ec-4f53-93af-5e8595636945" testId="2c851c27-844b-e193-62d3-5fabdd06fd23" testName="CardiacMonitor.UnitTests.Validators.VitalSignQueryParametersValidatorTests.ValidateAsync_ReturnsValid_WhenQueryIsSupported" computerName="DESKTOP-MA012GO" duration="00:00:00.5444002" startTime="2026-09-17T22:40:48.5594302+03:00" endTime="2026-09-17T22:40:48.5594678+03:00" testType="13cdc9d9-ddb5-4fa4-a97d-d965ccfc6d4b" outcome="Passed" testListId="8c84fa94-04c1-424b-9868-57a2d4851a1d" relativeResultsDirectory="c9af46f7-f2ec-4f53-93af-5e8595636945" />
    <UnitTestResult executionId="e0b940ee-157e-462f-8dd4-043bfa06fa10" testId="4646bc9d-16dd-1d12-a54d-bbd4b3e67d49" testName="CardiacMonitor.UnitTests.Services.CareAssignmentServiceTests.EndAssignmentAsync_RemovesPatientFromActiveNurseList" computerName="DESKTOP-MA012GO" duration="00:00:03.0311127" startTime="2026-09-17T22:40:51.0468876+03:00" endTime="2026-09-17T22:40:51.0468878+03:00" testType="13cdc9d9-ddb5-4fa4-a97d-d965ccfc6d4b" outcome="Passed" testListId="8c84fa94-04c1-424b-9868-57a2d4851a1d" relativeResultsDirectory="e0b940ee-157e-462f-8dd4-043bfa06fa10" />
    <UnitTestResult executionId="460bcdc6-b8d5-4e6f-9630-4f0c06c231d0" testId="dbecb87a-5732-775d-755a-bb87c7a8fd53" testName="CardiacMonitor.UnitTests.Services.PatientServiceTests.GetClinicalDetailsAsync_ReturnsRelatedClinicalCollections" computerName="DESKTOP-MA012GO" duration="00:00:03.0161803" startTime="2026-09-17T22:40:51.0319500+03:00" endTime="2026-09-17T22:40:51.0319501+03:00" testType="13cdc9d9-ddb5-4fa4-a97d-d965ccfc6d4b" outcome="Passed" testListId="8c84fa94-04c1-424b-9868-57a2d4851a1d" relativeResultsDirectory="460bcdc6-b8d5-4e6f-9630-4f0c06c231d0" />
    <UnitTestResult executionId="28d6a154-ba06-40ff-904e-3aa7822a176e" testId="6a86eb3d-ff05-11a2-765a-34515fb24bea" testName="CardiacMonitor.UnitTests.Services.AppointmentServiceTests.CreateAppointmentAsync_ReturnsNull_WhenDoctorHasTimeConflict" computerName="DESKTOP-MA012GO" duration="00:00:00.0036550" startTime="2026-09-17T22:40:51.0558830+03:00" endTime="2026-09-17T22:40:51.0558833+03:00" testType="13cdc9d9-ddb5-4fa4-a97d-d965ccfc6d4b" outcome="Passed" testListId="8c84fa94-04c1-424b-9868-57a2d4851a1d" relativeResultsDirectory="28d6a154-ba06-40ff-904e-3aa7822a176e" />
    <UnitTestResult executionId="aa671b9d-a729-466f-b0bb-d2692a6b412b" testId="410c036e-5d4b-de1c-5e46-593f4b2c7ee7" testName="CardiacMonitor.UnitTests.Services.DoctorScheduleServiceTests.IsDoctorAvailableAsync_ReturnsExpectedScheduleResult" computerName="DESKTOP-MA012GO" duration="00:00:00.0172829" startTime="2026-09-17T22:40:51.1768011+03:00" endTime="2026-09-17T22:40:51.1768012+03:00" testType="13cdc9d9-ddb5-4fa4-a97d-d965ccfc6d4b" outcome="Passed" testListId="8c84fa94-04c1-424b-9868-57a2d4851a1d" relativeResultsDirectory="aa671b9d-a729-466f-b0bb-d2692a6b412b" />
    <UnitTestResult executionId="a9f7d7f2-66ed-4cda-a249-9ef5c2a1b867" testId="e9387aa4-5352-dc57-219f-5ec96e772d76" testName="CardiacMonitor.UnitTests.Services.VitalSignServiceTests.GetVitalSignsAsync_ReturnsRequestedFilteredPage" computerName="DESKTOP-MA012GO" duration="00:00:02.9835820" startTime="2026-09-17T22:40:50.9995307+03:00" endTime="2026-09-17T22:40:50.9995309+03:00" testType="13cdc9d9-ddb5-4fa4-a97d-d965ccfc6d4b" outcome="Passed" testListId="8c84fa94-04c1-424b-9868-57a2d4851a1d" relativeResultsDirectory="a9f7d7f2-66ed-4cda-a249-9ef5c2a1b867" />
    <UnitTestResult executionId="e746fcea-91b7-4166-86a3-2dc6b3b3e70e" testId="9bc73a2c-80fc-695a-7e2b-b1840d47c061" testName="CardiacMonitor.UnitTests.Validators.VitalSignValidatorTests.Validate_ReturnsInvalidResult_WhenOxygenSaturationIsOutsideRange(oxygenSaturation: &quot;49.9&quot;)" computerName="DESKTOP-MA012GO" duration="00:00:00.0004466" startTime="2026-09-17T22:40:48.9803767+03:00" endTime="2026-09-17T22:40:48.9803769+03:00" testType="13cdc9d9-ddb5-4fa4-a97d-d965ccfc6d4b" outcome="Passed" testListId="8c84fa94-04c1-424b-9868-57a2d4851a1d" relativeResultsDirectory="e746fcea-91b7-4166-86a3-2dc6b3b3e70e" />
    <UnitTestResult executionId="dad973fd-973b-4d2d-8b78-8eb16e247333" testId="60ad2708-01ea-a410-fd71-8d8c95c6ce37" testName="CardiacMonitor.UnitTests.Services.MedicalAlertServiceTests.AlertWorkflow_RecordsAcknowledgementAndResolutionAudit" computerName="DESKTOP-MA012GO" duration="00:00:02.9740296" startTime="2026-09-17T22:40:50.9899097+03:00" endTime="2026-09-17T22:40:50.9899100+03:00" testType="13cdc9d9-ddb5-4fa4-a97d-d965ccfc6d4b" outcome="Passed" testListId="8c84fa94-04c1-424b-9868-57a2d4851a1d" relativeResultsDirectory="dad973fd-973b-4d2d-8b78-8eb16e247333" />
    <UnitTestResult executionId="a50e2611-0a13-46ca-9022-3f5cbcb0dba1" testId="036edec7-452d-938e-1461-28cff0b2fc5a" testName="CardiacMonitor.UnitTests.Validators.VitalSignQueryParametersValidatorTests.ValidateAsync_ReturnsError_WhenDateRangeIsInverted" computerName="DESKTOP-MA012GO" duration="00:00:00.0039779" startTime="2026-09-17T22:40:48.9830964+03:00" endTime="2026-09-17T22:40:48.9830970+03:00" testType="13cdc9d9-ddb5-4fa4-a97d-d965ccfc6d4b" outcome="Passed" testListId="8c84fa94-04c1-424b-9868-57a2d4851a1d" relativeResultsDirectory="a50e2611-0a13-46ca-9022-3f5cbcb0dba1" />
    <UnitTestResult executionId="bbe8c413-e175-4e9f-b336-59ef9dad671d" testId="2720e119-3bd9-78d6-8fc6-f809eb8086b1" testName="CardiacMonitor.UnitTests.Validators.PatientQueryParametersValidatorTests.ValidateAsync_ReturnsValid_WhenQueryIsSupported" computerName="DESKTOP-MA012GO" duration="00:00:00.0015192" startTime="2026-09-17T22:40:48.9830381+03:00" endTime="2026-09-17T22:40:48.9830382+03:00" testType="13cdc9d9-ddb5-4fa4-a97d-d965ccfc6d4b" outcome="Passed" testListId="8c84fa94-04c1-424b-9868-57a2d4851a1d" relativeResultsDirectory="bbe8c413-e175-4e9f-b336-59ef9dad671d" />
    <UnitTestResult executionId="d4dafac0-1ab0-47d3-8935-becea46245e1" testId="1987a8e2-4db4-8c72-3071-7b4c95fbddd7" testName="CardiacMonitor.UnitTests.Validators.VitalSignValidatorTests.Validate_ReturnsValidResult_WhenVitalSignsAreWithinRange" computerName="DESKTOP-MA012GO" duration="00:00:00.0003251" startTime="2026-09-17T22:40:48.9805914+03:00" endTime="2026-09-17T22:40:48.9805914+03:00" testType="13cdc9d9-ddb5-4fa4-a97d-d965ccfc6d4b" outcome="Passed" testListId="8c84fa94-04c1-424b-9868-57a2d4851a1d" relativeResultsDirectory="d4dafac0-1ab0-47d3-8935-becea46245e1" />
    <UnitTestResult executionId="512dc09a-0f94-496f-840e-775c11352dab" testId="c08ff032-741a-e511-a8fc-ed56a41132d6" testName="CardiacMonitor.UnitTests.Services.PatientServiceTests.GetAllPatientsAsync_ReturnsRequestedFilteredPage" computerName="DESKTOP-MA012GO" duration="00:00:00.0846004" startTime="2026-09-17T22:40:51.1166732+03:00" endTime="2026-09-17T22:40:51.1166734+03:00" testType="13cdc9d9-ddb5-4fa4-a97d-d965ccfc6d4b" outcome="Passed" testListId="8c84fa94-04c1-424b-9868-57a2d4851a1d" relativeResultsDirectory="512dc09a-0f94-496f-840e-775c11352dab" />
  </Results>
  <TestDefinitions>
    <UnitTest name="CardiacMonitor.UnitTests.Services.DoctorScheduleServiceTests.IsDoctorAvailableAsync_ReturnsExpectedScheduleResult" storage="d:\visual studio\mohammad-abdelfattah-binx-backend-internship\cardiacmonitor\tests\cardiacmonitor.unittests\bin\release\net8.0\cardiacmonitor.unittests.dll" id="410c036e-5d4b-de1c-5e46-593f4b2c7ee7">
      <Execution id="aa671b9d-a729-466f-b0bb-d2692a6b412b" />
      <TestMethod codeBase="D:\Visual Studio\Mohammad-Abdelfattah-BinX-Backend-Internship\CardiacMonitor\tests\CardiacMonitor.UnitTests\bin\Release\net8.0\CardiacMonitor.UnitTests.dll" adapterTypeName="executor://xunit/VsTestRunner2/netcoreapp" className="CardiacMonitor.UnitTests.Services.DoctorScheduleServiceTests" name="IsDoctorAvailableAsync_ReturnsExpectedScheduleResult" />
    </UnitTest>
    <UnitTest name="CardiacMonitor.UnitTests.Services.AppointmentServiceTests.CreateAppointmentAsync_ReturnsNull_WhenUserIsNotInDoctorRole" storage="d:\visual studio\mohammad-abdelfattah-binx-backend-internship\cardiacmonitor\tests\cardiacmonitor.unittests\bin\release\net8.0\cardiacmonitor.unittests.dll" id="87df3e20-9fcc-fb1b-4d2a-10e83ece6ff2">
      <Execution id="2639f3fd-0fb4-4046-9a5f-370a6ef4acfa" />
      <TestMethod codeBase="D:\Visual Studio\Mohammad-Abdelfattah-BinX-Backend-Internship\CardiacMonitor\tests\CardiacMonitor.UnitTests\bin\Release\net8.0\CardiacMonitor.UnitTests.dll" adapterTypeName="executor://xunit/VsTestRunner2/netcoreapp" className="CardiacMonitor.UnitTests.Services.AppointmentServiceTests" name="CreateAppointmentAsync_ReturnsNull_WhenUserIsNotInDoctorRole" />
    </UnitTest>
    <UnitTest name="CardiacMonitor.UnitTests.Services.AppointmentServiceTests.CreateAppointmentAsync_ReturnsNull_WhenDoctorIsUnavailable" storage="d:\visual studio\mohammad-abdelfattah-binx-backend-internship\cardiacmonitor\tests\cardiacmonitor.unittests\bin\release\net8.0\cardiacmonitor.unittests.dll" id="3c1e8207-a4ae-7700-507e-f8c6cf15dd9e">
      <Execution id="090c1452-f9a0-4620-9689-8a1f90211406" />
      <TestMethod codeBase="D:\Visual Studio\Mohammad-Abdelfattah-BinX-Backend-Internship\CardiacMonitor\tests\CardiacMonitor.UnitTests\bin\Release\net8.0\CardiacMonitor.UnitTests.dll" adapterTypeName="executor://xunit/VsTestRunner2/netcoreapp" className="CardiacMonitor.UnitTests.Services.AppointmentServiceTests" name="CreateAppointmentAsync_ReturnsNull_WhenDoctorIsUnavailable" />
    </UnitTest>
    <UnitTest name="CardiacMonitor.UnitTests.Validators.VitalSignQueryParametersValidatorTests.ValidateAsync_ReturnsError_WhenPageSizeExceedsMaximum" storage="d:\visual studio\mohammad-abdelfattah-binx-backend-internship\cardiacmonitor\tests\cardiacmonitor.unittests\bin\release\net8.0\cardiacmonitor.unittests.dll" id="c7dbd96a-9326-f957-0332-ac17636f0bb4">
      <Execution id="6427e720-5ae3-4cac-922f-7850773933fe" />
      <TestMethod codeBase="D:\Visual Studio\Mohammad-Abdelfattah-BinX-Backend-Internship\CardiacMonitor\tests\CardiacMonitor.UnitTests\bin\Release\net8.0\CardiacMonitor.UnitTests.dll" adapterTypeName="executor://xunit/VsTestRunner2/netcoreapp" className="CardiacMonitor.UnitTests.Validators.VitalSignQueryParametersValidatorTests" name="ValidateAsync_ReturnsError_WhenPageSizeExceedsMaximum" />
    </UnitTest>
    <UnitTest name="CardiacMonitor.UnitTests.Validators.VitalSignQueryParametersValidatorTests.ValidateAsync_ReturnsError_WhenDateRangeIsInverted" storage="d:\visual studio\mohammad-abdelfattah-binx-backend-internship\cardiacmonitor\tests\cardiacmonitor.unittests\bin\release\net8.0\cardiacmonitor.unittests.dll" id="036edec7-452d-938e-1461-28cff0b2fc5a">
      <Execution id="a50e2611-0a13-46ca-9022-3f5cbcb0dba1" />
      <TestMethod codeBase="D:\Visual Studio\Mohammad-Abdelfattah-BinX-Backend-Internship\CardiacMonitor\tests\CardiacMonitor.UnitTests\bin\Release\net8.0\CardiacMonitor.UnitTests.dll" adapterTypeName="executor://xunit/VsTestRunner2/netcoreapp" className="CardiacMonitor.UnitTests.Validators.VitalSignQueryParametersValidatorTests" name="ValidateAsync_ReturnsError_WhenDateRangeIsInverted" />
    </UnitTest>
    <UnitTest name="CardiacMonitor.UnitTests.Validators.AppointmentValidatorTests.Validate_ReturnsInvalidResult_WhenAppointmentDateIsInThePast" storage="d:\visual studio\mohammad-abdelfattah-binx-backend-internship\cardiacmonitor\tests\cardiacmonitor.unittests\bin\release\net8.0\cardiacmonitor.unittests.dll" id="e3076a61-cba0-d8f5-a020-101088d3c9e5">
      <Execution id="9acd662c-1ef5-41b0-add6-15ee0c55e740" />
      <TestMethod codeBase="D:\Visual Studio\Mohammad-Abdelfattah-BinX-Backend-Internship\CardiacMonitor\tests\CardiacMonitor.UnitTests\bin\Release\net8.0\CardiacMonitor.UnitTests.dll" adapterTypeName="executor://xunit/VsTestRunner2/netcoreapp" className="CardiacMonitor.UnitTests.Validators.AppointmentValidatorTests" name="Validate_ReturnsInvalidResult_WhenAppointmentDateIsInThePast" />
    </UnitTest>
    <UnitTest name="CardiacMonitor.UnitTests.Services.PatientServiceTests.GetAllPatientsAsync_ReturnsRequestedFilteredPage" storage="d:\visual studio\mohammad-abdelfattah-binx-backend-internship\cardiacmonitor\tests\cardiacmonitor.unittests\bin\release\net8.0\cardiacmonitor.unittests.dll" id="c08ff032-741a-e511-a8fc-ed56a41132d6">
      <Execution id="512dc09a-0f94-496f-840e-775c11352dab" />
      <TestMethod codeBase="D:\Visual Studio\Mohammad-Abdelfattah-BinX-Backend-Internship\CardiacMonitor\tests\CardiacMonitor.UnitTests\bin\Release\net8.0\CardiacMonitor.UnitTests.dll" adapterTypeName="executor://xunit/VsTestRunner2/netcoreapp" className="CardiacMonitor.UnitTests.Services.PatientServiceTests" name="GetAllPatientsAsync_ReturnsRequestedFilteredPage" />
    </UnitTest>
    <UnitTest name="CardiacMonitor.UnitTests.Validators.AppointmentValidatorTests.Validate_ReturnsInvalidResult_WhenStatusIsUnsupported(status: &quot;Unknown&quot;)" storage="d:\visual studio\mohammad-abdelfattah-binx-backend-internship\cardiacmonitor\tests\cardiacmonitor.unittests\bin\release\net8.0\cardiacmonitor.unittests.dll" id="50b78012-ee8a-70a4-d071-78479a8af7c7">
      <Execution id="f8167705-fbc6-4664-9728-4d6f58245992" />
      <TestMethod codeBase="D:\Visual Studio\Mohammad-Abdelfattah-BinX-Backend-Internship\CardiacMonitor\tests\CardiacMonitor.UnitTests\bin\Release\net8.0\CardiacMonitor.UnitTests.dll" adapterTypeName="executor://xunit/VsTestRunner2/netcoreapp" className="CardiacMonitor.UnitTests.Validators.AppointmentValidatorTests" name="Validate_ReturnsInvalidResult_WhenStatusIsUnsupported" />
    </UnitTest>
    <UnitTest name="CardiacMonitor.UnitTests.Services.CareAssignmentServiceTests.EndAssignmentAsync_RemovesPatientFromActiveNurseList" storage="d:\visual studio\mohammad-abdelfattah-binx-backend-internship\cardiacmonitor\tests\cardiacmonitor.unittests\bin\release\net8.0\cardiacmonitor.unittests.dll" id="4646bc9d-16dd-1d12-a54d-bbd4b3e67d49">
      <Execution id="e0b940ee-157e-462f-8dd4-043bfa06fa10" />
      <TestMethod codeBase="D:\Visual Studio\Mohammad-Abdelfattah-BinX-Backend-Internship\CardiacMonitor\tests\CardiacMonitor.UnitTests\bin\Release\net8.0\CardiacMonitor.UnitTests.dll" adapterTypeName="executor://xunit/VsTestRunner2/netcoreapp" className="CardiacMonitor.UnitTests.Services.CareAssignmentServiceTests" name="EndAssignmentAsync_RemovesPatientFromActiveNurseList" />
    </UnitTest>
    <UnitTest name="CardiacMonitor.UnitTests.Validators.VitalSignValidatorTests.Validate_ReturnsInvalidResult_WhenHeartRateIsOutsideRange(heartRate: 29)" storage="d:\visual studio\mohammad-abdelfattah-binx-backend-internship\cardiacmonitor\tests\cardiacmonitor.unittests\bin\release\net8.0\cardiacmonitor.unittests.dll" id="3aa50b12-5b60-73cc-10bc-2a07cc752074">
      <Execution id="73d1ebab-c867-4e5a-98a3-4a77bbb32b2d" />
      <TestMethod codeBase="D:\Visual Studio\Mohammad-Abdelfattah-BinX-Backend-Internship\CardiacMonitor\tests\CardiacMonitor.UnitTests\bin\Release\net8.0\CardiacMonitor.UnitTests.dll" adapterTypeName="executor://xunit/VsTestRunner2/netcoreapp" className="CardiacMonitor.UnitTests.Validators.VitalSignValidatorTests" name="Validate_ReturnsInvalidResult_WhenHeartRateIsOutsideRange" />
    </UnitTest>
    <UnitTest name="CardiacMonitor.UnitTests.Validators.VitalSignValidatorTests.Validate_ReturnsInvalidResult_WhenOxygenSaturationIsOutsideRange(oxygenSaturation: &quot;49.9&quot;)" storage="d:\visual studio\mohammad-abdelfattah-binx-backend-internship\cardiacmonitor\tests\cardiacmonitor.unittests\bin\release\net8.0\cardiacmonitor.unittests.dll" id="9bc73a2c-80fc-695a-7e2b-b1840d47c061">
      <Execution id="e746fcea-91b7-4166-86a3-2dc6b3b3e70e" />
      <TestMethod codeBase="D:\Visual Studio\Mohammad-Abdelfattah-BinX-Backend-Internship\CardiacMonitor\tests\CardiacMonitor.UnitTests\bin\Release\net8.0\CardiacMonitor.UnitTests.dll" adapterTypeName="executor://xunit/VsTestRunner2/netcoreapp" className="CardiacMonitor.UnitTests.Validators.VitalSignValidatorTests" name="Validate_ReturnsInvalidResult_WhenOxygenSaturationIsOutsideRange" />
    </UnitTest>
    <UnitTest name="CardiacMonitor.UnitTests.Controllers.PatientsControllerTests.GetById_ReturnsProblemDetails_WhenPatientDoesNotExist" storage="d:\visual studio\mohammad-abdelfattah-binx-backend-internship\cardiacmonitor\tests\cardiacmonitor.unittests\bin\release\net8.0\cardiacmonitor.unittests.dll" id="7f9566a2-16f3-8503-4c3f-c86f1b3fcaf9">
      <Execution id="c86116be-5012-419b-ac3b-8bfd308b12b6" />
      <TestMethod codeBase="D:\Visual Studio\Mohammad-Abdelfattah-BinX-Backend-Internship\CardiacMonitor\tests\CardiacMonitor.UnitTests\bin\Release\net8.0\CardiacMonitor.UnitTests.dll" adapterTypeName="executor://xunit/VsTestRunner2/netcoreapp" className="CardiacMonitor.UnitTests.Controllers.PatientsControllerTests" name="GetById_ReturnsProblemDetails_WhenPatientDoesNotExist" />
    </UnitTest>
    <UnitTest name="CardiacMonitor.UnitTests.Services.AppointmentServiceTests.CreateAppointmentAsync_CreatesAppointment_WhenUserIsInDoctorRole" storage="d:\visual studio\mohammad-abdelfattah-binx-backend-internship\cardiacmonitor\tests\cardiacmonitor.unittests\bin\release\net8.0\cardiacmonitor.unittests.dll" id="a638ba9c-8361-d3ac-527f-626d91f7b790">
      <Execution id="ffd2ecde-4cd8-4594-82a1-35638b728962" />
      <TestMethod codeBase="D:\Visual Studio\Mohammad-Abdelfattah-BinX-Backend-Internship\CardiacMonitor\tests\CardiacMonitor.UnitTests\bin\Release\net8.0\CardiacMonitor.UnitTests.dll" adapterTypeName="executor://xunit/VsTestRunner2/netcoreapp" className="CardiacMonitor.UnitTests.Services.AppointmentServiceTests" name="CreateAppointmentAsync_CreatesAppointment_WhenUserIsInDoctorRole" />
    </UnitTest>
    <UnitTest name="CardiacMonitor.UnitTests.Validators.VitalSignValidatorTests.Validate_ReturnsInvalidResult_WhenOxygenSaturationIsOutsideRange(oxygenSaturation: &quot;100.1&quot;)" storage="d:\visual studio\mohammad-abdelfattah-binx-backend-internship\cardiacmonitor\tests\cardiacmonitor.unittests\bin\release\net8.0\cardiacmonitor.unittests.dll" id="24ce5e18-380b-f9ce-fa28-27e7c2fe9097">
      <Execution id="7de940c3-1beb-4863-9169-c74b44138ff8" />
      <TestMethod codeBase="D:\Visual Studio\Mohammad-Abdelfattah-BinX-Backend-Internship\CardiacMonitor\tests\CardiacMonitor.UnitTests\bin\Release\net8.0\CardiacMonitor.UnitTests.dll" adapterTypeName="executor://xunit/VsTestRunner2/netcoreapp" className="CardiacMonitor.UnitTests.Validators.VitalSignValidatorTests" name="Validate_ReturnsInvalidResult_WhenOxygenSaturationIsOutsideRange" />
    </UnitTest>
    <UnitTest name="CardiacMonitor.UnitTests.Services.AppointmentServiceTests.CreateAppointmentAsync_ReturnsNull_WhenDoctorHasTimeConflict" storage="d:\visual studio\mohammad-abdelfattah-binx-backend-internship\cardiacmonitor\tests\cardiacmonitor.unittests\bin\release\net8.0\cardiacmonitor.unittests.dll" id="6a86eb3d-ff05-11a2-765a-34515fb24bea">
      <Execution id="28d6a154-ba06-40ff-904e-3aa7822a176e" />
      <TestMethod codeBase="D:\Visual Studio\Mohammad-Abdelfattah-BinX-Backend-Internship\CardiacMonitor\tests\CardiacMonitor.UnitTests\bin\Release\net8.0\CardiacMonitor.UnitTests.dll" adapterTypeName="executor://xunit/VsTestRunner2/netcoreapp" className="CardiacMonitor.UnitTests.Services.AppointmentServiceTests" name="CreateAppointmentAsync_ReturnsNull_WhenDoctorHasTimeConflict" />
    </UnitTest>
    <UnitTest name="CardiacMonitor.UnitTests.Services.PatientServiceTests.GetClinicalDetailsAsync_ReturnsRelatedClinicalCollections" storage="d:\visual studio\mohammad-abdelfattah-binx-backend-internship\cardiacmonitor\tests\cardiacmonitor.unittests\bin\release\net8.0\cardiacmonitor.unittests.dll" id="dbecb87a-5732-775d-755a-bb87c7a8fd53">
      <Execution id="460bcdc6-b8d5-4e6f-9630-4f0c06c231d0" />
      <TestMethod codeBase="D:\Visual Studio\Mohammad-Abdelfattah-BinX-Backend-Internship\CardiacMonitor\tests\CardiacMonitor.UnitTests\bin\Release\net8.0\CardiacMonitor.UnitTests.dll" adapterTypeName="executor://xunit/VsTestRunner2/netcoreapp" className="CardiacMonitor.UnitTests.Services.PatientServiceTests" name="GetClinicalDetailsAsync_ReturnsRelatedClinicalCollections" />
    </UnitTest>
    <UnitTest name="CardiacMonitor.UnitTests.Controllers.PatientsControllerTests.GetById_ReturnsOk_WhenPatientOwnsProfile" storage="d:\visual studio\mohammad-abdelfattah-binx-backend-internship\cardiacmonitor\tests\cardiacmonitor.unittests\bin\release\net8.0\cardiacmonitor.unittests.dll" id="b4c4d2d1-b166-500b-ed8a-d88c5bbe0711">
      <Execution id="5f6bed1f-6fa7-4424-a983-3d5919f431e2" />
      <TestMethod codeBase="D:\Visual Studio\Mohammad-Abdelfattah-BinX-Backend-Internship\CardiacMonitor\tests\CardiacMonitor.UnitTests\bin\Release\net8.0\CardiacMonitor.UnitTests.dll" adapterTypeName="executor://xunit/VsTestRunner2/netcoreapp" className="CardiacMonitor.UnitTests.Controllers.PatientsControllerTests" name="GetById_ReturnsOk_WhenPatientOwnsProfile" />
    </UnitTest>
    <UnitTest name="CardiacMonitor.UnitTests.Validators.PatientQueryParametersValidatorTests.ValidateAsync_ReturnsErrors_WhenGenderAndSortAreUnsupported" storage="d:\visual studio\mohammad-abdelfattah-binx-backend-internship\cardiacmonitor\tests\cardiacmonitor.unittests\bin\release\net8.0\cardiacmonitor.unittests.dll" id="cf4f72c3-3046-1d44-994b-c930b75a2a1f">
      <Execution id="0f59412a-3674-434f-afaa-5315e8b5d1a6" />
      <TestMethod codeBase="D:\Visual Studio\Mohammad-Abdelfattah-BinX-Backend-Internship\CardiacMonitor\tests\CardiacMonitor.UnitTests\bin\Release\net8.0\CardiacMonitor.UnitTests.dll" adapterTypeName="executor://xunit/VsTestRunner2/netcoreapp" className="CardiacMonitor.UnitTests.Validators.PatientQueryParametersValidatorTests" name="ValidateAsync_ReturnsErrors_WhenGenderAndSortAreUnsupported" />
    </UnitTest>
    <UnitTest name="CardiacMonitor.UnitTests.Validators.AppointmentValidatorTests.Validate_ReturnsInvalidResult_WhenStatusIsUnsupported(status: &quot;&quot;)" storage="d:\visual studio\mohammad-abdelfattah-binx-backend-internship\cardiacmonitor\tests\cardiacmonitor.unittests\bin\release\net8.0\cardiacmonitor.unittests.dll" id="2dd6bd30-df49-8a88-e94f-98d5c270751a">
      <Execution id="29be3880-4c26-488f-a1d8-2b746ebf498c" />
      <TestMethod codeBase="D:\Visual Studio\Mohammad-Abdelfattah-BinX-Backend-Internship\CardiacMonitor\tests\CardiacMonitor.UnitTests\bin\Release\net8.0\CardiacMonitor.UnitTests.dll" adapterTypeName="executor://xunit/VsTestRunner2/netcoreapp" className="CardiacMonitor.UnitTests.Validators.AppointmentValidatorTests" name="Validate_ReturnsInvalidResult_WhenStatusIsUnsupported" />
    </UnitTest>
    <UnitTest name="CardiacMonitor.UnitTests.Validators.VitalSignValidatorTests.Validate_ReturnsValidResult_WhenVitalSignsAreWithinRange" storage="d:\visual studio\mohammad-abdelfattah-binx-backend-internship\cardiacmonitor\tests\cardiacmonitor.unittests\bin\release\net8.0\cardiacmonitor.unittests.dll" id="1987a8e2-4db4-8c72-3071-7b4c95fbddd7">
      <Execution id="d4dafac0-1ab0-47d3-8935-becea46245e1" />
      <TestMethod codeBase="D:\Visual Studio\Mohammad-Abdelfattah-BinX-Backend-Internship\CardiacMonitor\tests\CardiacMonitor.UnitTests\bin\Release\net8.0\CardiacMonitor.UnitTests.dll" adapterTypeName="executor://xunit/VsTestRunner2/netcoreapp" className="CardiacMonitor.UnitTests.Validators.VitalSignValidatorTests" name="Validate_ReturnsValidResult_WhenVitalSignsAreWithinRange" />
    </UnitTest>
    <UnitTest name="CardiacMonitor.UnitTests.Services.VitalSignServiceTests.GetVitalSignsAsync_ReturnsRequestedFilteredPage" storage="d:\visual studio\mohammad-abdelfattah-binx-backend-internship\cardiacmonitor\tests\cardiacmonitor.unittests\bin\release\net8.0\cardiacmonitor.unittests.dll" id="e9387aa4-5352-dc57-219f-5ec96e772d76">
      <Execution id="a9f7d7f2-66ed-4cda-a249-9ef5c2a1b867" />
      <TestMethod codeBase="D:\Visual Studio\Mohammad-Abdelfattah-BinX-Backend-Internship\CardiacMonitor\tests\CardiacMonitor.UnitTests\bin\Release\net8.0\CardiacMonitor.UnitTests.dll" adapterTypeName="executor://xunit/VsTestRunner2/netcoreapp" className="CardiacMonitor.UnitTests.Services.VitalSignServiceTests" name="GetVitalSignsAsync_ReturnsRequestedFilteredPage" />
    </UnitTest>
    <UnitTest name="CardiacMonitor.UnitTests.Services.VitalSignServiceTests.CreateVitalSignAsync_CreatesCriticalAlert_WhenThresholdIsExceeded" storage="d:\visual studio\mohammad-abdelfattah-binx-backend-internship\cardiacmonitor\tests\cardiacmonitor.unittests\bin\release\net8.0\cardiacmonitor.unittests.dll" id="e5233957-0754-b80d-c6f5-0b5408e4a70e">
      <Execution id="8422c19a-35ed-43c8-a17e-ae1f681717f4" />
      <TestMethod codeBase="D:\Visual Studio\Mohammad-Abdelfattah-BinX-Backend-Internship\CardiacMonitor\tests\CardiacMonitor.UnitTests\bin\Release\net8.0\CardiacMonitor.UnitTests.dll" adapterTypeName="executor://xunit/VsTestRunner2/netcoreapp" className="CardiacMonitor.UnitTests.Services.VitalSignServiceTests" name="CreateVitalSignAsync_CreatesCriticalAlert_WhenThresholdIsExceeded" />
    </UnitTest>
    <UnitTest name="CardiacMonitor.UnitTests.Services.PatientAccessServiceTests.CanAccessPatientAsync_AllowsOnlyActivelyAssignedNurse" storage="d:\visual studio\mohammad-abdelfattah-binx-backend-internship\cardiacmonitor\tests\cardiacmonitor.unittests\bin\release\net8.0\cardiacmonitor.unittests.dll" id="666b30db-320d-0a23-f274-38f673a29435">
      <Execution id="a4848ed9-cb4c-4a18-b2ea-57443b4c1cc6" />
      <TestMethod codeBase="D:\Visual Studio\Mohammad-Abdelfattah-BinX-Backend-Internship\CardiacMonitor\tests\CardiacMonitor.UnitTests\bin\Release\net8.0\CardiacMonitor.UnitTests.dll" adapterTypeName="executor://xunit/VsTestRunner2/netcoreapp" className="CardiacMonitor.UnitTests.Services.PatientAccessServiceTests" name="CanAccessPatientAsync_AllowsOnlyActivelyAssignedNurse" />
    </UnitTest>
    <UnitTest name="CardiacMonitor.UnitTests.Services.MedicalAlertServiceTests.AlertWorkflow_RecordsAcknowledgementAndResolutionAudit" storage="d:\visual studio\mohammad-abdelfattah-binx-backend-internship\cardiacmonitor\tests\cardiacmonitor.unittests\bin\release\net8.0\cardiacmonitor.unittests.dll" id="60ad2708-01ea-a410-fd71-8d8c95c6ce37">
      <Execution id="dad973fd-973b-4d2d-8b78-8eb16e247333" />
      <TestMethod codeBase="D:\Visual Studio\Mohammad-Abdelfattah-BinX-Backend-Internship\CardiacMonitor\tests\CardiacMonitor.UnitTests\bin\Release\net8.0\CardiacMonitor.UnitTests.dll" adapterTypeName="executor://xunit/VsTestRunner2/netcoreapp" className="CardiacMonitor.UnitTests.Services.MedicalAlertServiceTests" name="AlertWorkflow_RecordsAcknowledgementAndResolutionAudit" />
    </UnitTest>
    <UnitTest name="CardiacMonitor.UnitTests.Validators.VitalSignQueryParametersValidatorTests.ValidateAsync_ReturnsValid_WhenQueryIsSupported" storage="d:\visual studio\mohammad-abdelfattah-binx-backend-internship\cardiacmonitor\tests\cardiacmonitor.unittests\bin\release\net8.0\cardiacmonitor.unittests.dll" id="2c851c27-844b-e193-62d3-5fabdd06fd23">
      <Execution id="c9af46f7-f2ec-4f53-93af-5e8595636945" />
      <TestMethod codeBase="D:\Visual Studio\Mohammad-Abdelfattah-BinX-Backend-Internship\CardiacMonitor\tests\CardiacMonitor.UnitTests\bin\Release\net8.0\CardiacMonitor.UnitTests.dll" adapterTypeName="executor://xunit/VsTestRunner2/netcoreapp" className="CardiacMonitor.UnitTests.Validators.VitalSignQueryParametersValidatorTests" name="ValidateAsync_ReturnsValid_WhenQueryIsSupported" />
    </UnitTest>
    <UnitTest name="CardiacMonitor.UnitTests.Services.DoctorScheduleServiceTests.AddAvailabilityAsync_RejectsOverlappingSlot" storage="d:\visual studio\mohammad-abdelfattah-binx-backend-internship\cardiacmonitor\tests\cardiacmonitor.unittests\bin\release\net8.0\cardiacmonitor.unittests.dll" id="1d0a7f0b-fdec-7244-3668-8251b16e8ae7">
      <Execution id="5578fa5c-1990-4ebb-82f1-e2e6f38e28f9" />
      <TestMethod codeBase="D:\Visual Studio\Mohammad-Abdelfattah-BinX-Backend-Internship\CardiacMonitor\tests\CardiacMonitor.UnitTests\bin\Release\net8.0\CardiacMonitor.UnitTests.dll" adapterTypeName="executor://xunit/VsTestRunner2/netcoreapp" className="CardiacMonitor.UnitTests.Services.DoctorScheduleServiceTests" name="AddAvailabilityAsync_RejectsOverlappingSlot" />
    </UnitTest>
    <UnitTest name="CardiacMonitor.UnitTests.Controllers.PatientsControllerTests.GetById_ReturnsForbidden_WhenPatientDoesNotOwnProfile" storage="d:\visual studio\mohammad-abdelfattah-binx-backend-internship\cardiacmonitor\tests\cardiacmonitor.unittests\bin\release\net8.0\cardiacmonitor.unittests.dll" id="f3f4c0f2-e8cf-ea42-bf6d-3c7b80aed07c">
      <Execution id="ba1ea750-8320-4400-ae83-9dfb071aa3ea" />
      <TestMethod codeBase="D:\Visual Studio\Mohammad-Abdelfattah-BinX-Backend-Internship\CardiacMonitor\tests\CardiacMonitor.UnitTests\bin\Release\net8.0\CardiacMonitor.UnitTests.dll" adapterTypeName="executor://xunit/VsTestRunner2/netcoreapp" className="CardiacMonitor.UnitTests.Controllers.PatientsControllerTests" name="GetById_ReturnsForbidden_WhenPatientDoesNotOwnProfile" />
    </UnitTest>
    <UnitTest name="CardiacMonitor.UnitTests.Validators.Week7RequestValidatorTests.CareAssignmentValidator_ReturnsError_WhenNurseIdIsInvalid" storage="d:\visual studio\mohammad-abdelfattah-binx-backend-internship\cardiacmonitor\tests\cardiacmonitor.unittests\bin\release\net8.0\cardiacmonitor.unittests.dll" id="63ff835a-d71e-3c7f-e5be-636eaa7960f0">
      <Execution id="10484ee1-479f-4b4e-a84f-0cc056f901ad" />
      <TestMethod codeBase="D:\Visual Studio\Mohammad-Abdelfattah-BinX-Backend-Internship\CardiacMonitor\tests\CardiacMonitor.UnitTests\bin\Release\net8.0\CardiacMonitor.UnitTests.dll" adapterTypeName="executor://xunit/VsTestRunner2/netcoreapp" className="CardiacMonitor.UnitTests.Validators.Week7RequestValidatorTests" name="CareAssignmentValidator_ReturnsError_WhenNurseIdIsInvalid" />
    </UnitTest>
    <UnitTest name="CardiacMonitor.UnitTests.Validators.AppointmentValidatorTests.Validate_ReturnsInvalidResult_WhenStatusIsUnsupported(status: &quot;Pending&quot;)" storage="d:\visual studio\mohammad-abdelfattah-binx-backend-internship\cardiacmonitor\tests\cardiacmonitor.unittests\bin\release\net8.0\cardiacmonitor.unittests.dll" id="f638f260-c242-9e47-5387-135da5638348">
      <Execution id="102fd4df-141d-437f-96ce-ab5f759c68b6" />
      <TestMethod codeBase="D:\Visual Studio\Mohammad-Abdelfattah-BinX-Backend-Internship\CardiacMonitor\tests\CardiacMonitor.UnitTests\bin\Release\net8.0\CardiacMonitor.UnitTests.dll" adapterTypeName="executor://xunit/VsTestRunner2/netcoreapp" className="CardiacMonitor.UnitTests.Validators.AppointmentValidatorTests" name="Validate_ReturnsInvalidResult_WhenStatusIsUnsupported" />
    </UnitTest>
    <UnitTest name="CardiacMonitor.UnitTests.Validators.VitalSignValidatorTests.Validate_ReturnsInvalidResult_WhenHeartRateIsOutsideRange(heartRate: 251)" storage="d:\visual studio\mohammad-abdelfattah-binx-backend-internship\cardiacmonitor\tests\cardiacmonitor.unittests\bin\release\net8.0\cardiacmonitor.unittests.dll" id="1036e696-0be4-116a-e99a-894692481048">
      <Execution id="ec6b3c9d-a83c-4ed2-a7c9-7b36048ff044" />
      <TestMethod codeBase="D:\Visual Studio\Mohammad-Abdelfattah-BinX-Backend-Internship\CardiacMonitor\tests\CardiacMonitor.UnitTests\bin\Release\net8.0\CardiacMonitor.UnitTests.dll" adapterTypeName="executor://xunit/VsTestRunner2/netcoreapp" className="CardiacMonitor.UnitTests.Validators.VitalSignValidatorTests" name="Validate_ReturnsInvalidResult_WhenHeartRateIsOutsideRange" />
    </UnitTest>
    <UnitTest name="CardiacMonitor.UnitTests.Validators.PatientQueryParametersValidatorTests.ValidateAsync_ReturnsValid_WhenQueryIsSupported" storage="d:\visual studio\mohammad-abdelfattah-binx-backend-internship\cardiacmonitor\tests\cardiacmonitor.unittests\bin\release\net8.0\cardiacmonitor.unittests.dll" id="2720e119-3bd9-78d6-8fc6-f809eb8086b1">
      <Execution id="bbe8c413-e175-4e9f-b336-59ef9dad671d" />
      <TestMethod codeBase="D:\Visual Studio\Mohammad-Abdelfattah-BinX-Backend-Internship\CardiacMonitor\tests\CardiacMonitor.UnitTests\bin\Release\net8.0\CardiacMonitor.UnitTests.dll" adapterTypeName="executor://xunit/VsTestRunner2/netcoreapp" className="CardiacMonitor.UnitTests.Validators.PatientQueryParametersValidatorTests" name="ValidateAsync_ReturnsValid_WhenQueryIsSupported" />
    </UnitTest>
    <UnitTest name="CardiacMonitor.UnitTests.Validators.VitalSignValidatorTests.Validate_ReturnsInvalidResult_WhenHeartRateIsOutsideRange(heartRate: 500)" storage="d:\visual studio\mohammad-abdelfattah-binx-backend-internship\cardiacmonitor\tests\cardiacmonitor.unittests\bin\release\net8.0\cardiacmonitor.unittests.dll" id="ab8095e5-e14c-9db1-30aa-4622a10e2e55">
      <Execution id="555110a2-0c06-47cb-8d5e-fdc8b3c3193e" />
      <TestMethod codeBase="D:\Visual Studio\Mohammad-Abdelfattah-BinX-Backend-Internship\CardiacMonitor\tests\CardiacMonitor.UnitTests\bin\Release\net8.0\CardiacMonitor.UnitTests.dll" adapterTypeName="executor://xunit/VsTestRunner2/netcoreapp" className="CardiacMonitor.UnitTests.Validators.VitalSignValidatorTests" name="Validate_ReturnsInvalidResult_WhenHeartRateIsOutsideRange" />
    </UnitTest>
    <UnitTest name="CardiacMonitor.UnitTests.Services.DoctorScheduleServiceTests.GetAvailabilityAsync_RefreshesCacheAfterAvailabilityIsAdded" storage="d:\visual studio\mohammad-abdelfattah-binx-backend-internship\cardiacmonitor\tests\cardiacmonitor.unittests\bin\release\net8.0\cardiacmonitor.unittests.dll" id="d1cb9082-ad77-b71a-b030-33539172dd3b">
      <Execution id="561e6cfa-440c-49bd-8e93-3eef47bd314e" />
      <TestMethod codeBase="D:\Visual Studio\Mohammad-Abdelfattah-BinX-Backend-Internship\CardiacMonitor\tests\CardiacMonitor.UnitTests\bin\Release\net8.0\CardiacMonitor.UnitTests.dll" adapterTypeName="executor://xunit/VsTestRunner2/netcoreapp" className="CardiacMonitor.UnitTests.Services.DoctorScheduleServiceTests" name="GetAvailabilityAsync_RefreshesCacheAfterAvailabilityIsAdded" />
    </UnitTest>
    <UnitTest name="CardiacMonitor.UnitTests.Validators.PatientQueryParametersValidatorTests.ValidateAsync_ReturnsError_WhenPageSizeExceedsMaximum" storage="d:\visual studio\mohammad-abdelfattah-binx-backend-internship\cardiacmonitor\tests\cardiacmonitor.unittests\bin\release\net8.0\cardiacmonitor.unittests.dll" id="7e8cdc42-98bd-c88d-3c39-8d45e3e1ab01">
      <Execution id="6940c7af-a0d5-4587-baf3-57f535354d5d" />
      <TestMethod codeBase="D:\Visual Studio\Mohammad-Abdelfattah-BinX-Backend-Internship\CardiacMonitor\tests\CardiacMonitor.UnitTests\bin\Release\net8.0\CardiacMonitor.UnitTests.dll" adapterTypeName="executor://xunit/VsTestRunner2/netcoreapp" className="CardiacMonitor.UnitTests.Validators.PatientQueryParametersValidatorTests" name="ValidateAsync_ReturnsError_WhenPageSizeExceedsMaximum" />
    </UnitTest>
  </TestDefinitions>
  <TestEntries>
    <TestEntry testId="50b78012-ee8a-70a4-d071-78479a8af7c7" executionId="f8167705-fbc6-4664-9728-4d6f58245992" testListId="8c84fa94-04c1-424b-9868-57a2d4851a1d" />
    <TestEntry testId="e3076a61-cba0-d8f5-a020-101088d3c9e5" executionId="9acd662c-1ef5-41b0-add6-15ee0c55e740" testListId="8c84fa94-04c1-424b-9868-57a2d4851a1d" />
    <TestEntry testId="3c1e8207-a4ae-7700-507e-f8c6cf15dd9e" executionId="090c1452-f9a0-4620-9689-8a1f90211406" testListId="8c84fa94-04c1-424b-9868-57a2d4851a1d" />
    <TestEntry testId="87df3e20-9fcc-fb1b-4d2a-10e83ece6ff2" executionId="2639f3fd-0fb4-4046-9a5f-370a6ef4acfa" testListId="8c84fa94-04c1-424b-9868-57a2d4851a1d" />
    <TestEntry testId="b4c4d2d1-b166-500b-ed8a-d88c5bbe0711" executionId="5f6bed1f-6fa7-4424-a983-3d5919f431e2" testListId="8c84fa94-04c1-424b-9868-57a2d4851a1d" />
    <TestEntry testId="cf4f72c3-3046-1d44-994b-c930b75a2a1f" executionId="0f59412a-3674-434f-afaa-5315e8b5d1a6" testListId="8c84fa94-04c1-424b-9868-57a2d4851a1d" />
    <TestEntry testId="3aa50b12-5b60-73cc-10bc-2a07cc752074" executionId="73d1ebab-c867-4e5a-98a3-4a77bbb32b2d" testListId="8c84fa94-04c1-424b-9868-57a2d4851a1d" />
    <TestEntry testId="63ff835a-d71e-3c7f-e5be-636eaa7960f0" executionId="10484ee1-479f-4b4e-a84f-0cc056f901ad" testListId="8c84fa94-04c1-424b-9868-57a2d4851a1d" />
    <TestEntry testId="a638ba9c-8361-d3ac-527f-626d91f7b790" executionId="ffd2ecde-4cd8-4594-82a1-35638b728962" testListId="8c84fa94-04c1-424b-9868-57a2d4851a1d" />
    <TestEntry testId="7e8cdc42-98bd-c88d-3c39-8d45e3e1ab01" executionId="6940c7af-a0d5-4587-baf3-57f535354d5d" testListId="8c84fa94-04c1-424b-9868-57a2d4851a1d" />
    <TestEntry testId="1d0a7f0b-fdec-7244-3668-8251b16e8ae7" executionId="5578fa5c-1990-4ebb-82f1-e2e6f38e28f9" testListId="8c84fa94-04c1-424b-9868-57a2d4851a1d" />
    <TestEntry testId="f3f4c0f2-e8cf-ea42-bf6d-3c7b80aed07c" executionId="ba1ea750-8320-4400-ae83-9dfb071aa3ea" testListId="8c84fa94-04c1-424b-9868-57a2d4851a1d" />
    <TestEntry testId="ab8095e5-e14c-9db1-30aa-4622a10e2e55" executionId="555110a2-0c06-47cb-8d5e-fdc8b3c3193e" testListId="8c84fa94-04c1-424b-9868-57a2d4851a1d" />
    <TestEntry testId="d1cb9082-ad77-b71a-b030-33539172dd3b" executionId="561e6cfa-440c-49bd-8e93-3eef47bd314e" testListId="8c84fa94-04c1-424b-9868-57a2d4851a1d" />
    <TestEntry testId="c7dbd96a-9326-f957-0332-ac17636f0bb4" executionId="6427e720-5ae3-4cac-922f-7850773933fe" testListId="8c84fa94-04c1-424b-9868-57a2d4851a1d" />
    <TestEntry testId="1036e696-0be4-116a-e99a-894692481048" executionId="ec6b3c9d-a83c-4ed2-a7c9-7b36048ff044" testListId="8c84fa94-04c1-424b-9868-57a2d4851a1d" />
    <TestEntry testId="666b30db-320d-0a23-f274-38f673a29435" executionId="a4848ed9-cb4c-4a18-b2ea-57443b4c1cc6" testListId="8c84fa94-04c1-424b-9868-57a2d4851a1d" />
    <TestEntry testId="7f9566a2-16f3-8503-4c3f-c86f1b3fcaf9" executionId="c86116be-5012-419b-ac3b-8bfd308b12b6" testListId="8c84fa94-04c1-424b-9868-57a2d4851a1d" />
    <TestEntry testId="24ce5e18-380b-f9ce-fa28-27e7c2fe9097" executionId="7de940c3-1beb-4863-9169-c74b44138ff8" testListId="8c84fa94-04c1-424b-9868-57a2d4851a1d" />
    <TestEntry testId="f638f260-c242-9e47-5387-135da5638348" executionId="102fd4df-141d-437f-96ce-ab5f759c68b6" testListId="8c84fa94-04c1-424b-9868-57a2d4851a1d" />
    <TestEntry testId="e5233957-0754-b80d-c6f5-0b5408e4a70e" executionId="8422c19a-35ed-43c8-a17e-ae1f681717f4" testListId="8c84fa94-04c1-424b-9868-57a2d4851a1d" />
    <TestEntry testId="2dd6bd30-df49-8a88-e94f-98d5c270751a" executionId="29be3880-4c26-488f-a1d8-2b746ebf498c" testListId="8c84fa94-04c1-424b-9868-57a2d4851a1d" />
    <TestEntry testId="2c851c27-844b-e193-62d3-5fabdd06fd23" executionId="c9af46f7-f2ec-4f53-93af-5e8595636945" testListId="8c84fa94-04c1-424b-9868-57a2d4851a1d" />
    <TestEntry testId="4646bc9d-16dd-1d12-a54d-bbd4b3e67d49" executionId="e0b940ee-157e-462f-8dd4-043bfa06fa10" testListId="8c84fa94-04c1-424b-9868-57a2d4851a1d" />
    <TestEntry testId="dbecb87a-5732-775d-755a-bb87c7a8fd53" executionId="460bcdc6-b8d5-4e6f-9630-4f0c06c231d0" testListId="8c84fa94-04c1-424b-9868-57a2d4851a1d" />
    <TestEntry testId="6a86eb3d-ff05-11a2-765a-34515fb24bea" executionId="28d6a154-ba06-40ff-904e-3aa7822a176e" testListId="8c84fa94-04c1-424b-9868-57a2d4851a1d" />
    <TestEntry testId="410c036e-5d4b-de1c-5e46-593f4b2c7ee7" executionId="aa671b9d-a729-466f-b0bb-d2692a6b412b" testListId="8c84fa94-04c1-424b-9868-57a2d4851a1d" />
    <TestEntry testId="e9387aa4-5352-dc57-219f-5ec96e772d76" executionId="a9f7d7f2-66ed-4cda-a249-9ef5c2a1b867" testListId="8c84fa94-04c1-424b-9868-57a2d4851a1d" />
    <TestEntry testId="9bc73a2c-80fc-695a-7e2b-b1840d47c061" executionId="e746fcea-91b7-4166-86a3-2dc6b3b3e70e" testListId="8c84fa94-04c1-424b-9868-57a2d4851a1d" />
    <TestEntry testId="60ad2708-01ea-a410-fd71-8d8c95c6ce37" executionId="dad973fd-973b-4d2d-8b78-8eb16e247333" testListId="8c84fa94-04c1-424b-9868-57a2d4851a1d" />
    <TestEntry testId="036edec7-452d-938e-1461-28cff0b2fc5a" executionId="a50e2611-0a13-46ca-9022-3f5cbcb0dba1" testListId="8c84fa94-04c1-424b-9868-57a2d4851a1d" />
    <TestEntry testId="2720e119-3bd9-78d6-8fc6-f809eb8086b1" executionId="bbe8c413-e175-4e9f-b336-59ef9dad671d" testListId="8c84fa94-04c1-424b-9868-57a2d4851a1d" />
    <TestEntry testId="1987a8e2-4db4-8c72-3071-7b4c95fbddd7" executionId="d4dafac0-1ab0-47d3-8935-becea46245e1" testListId="8c84fa94-04c1-424b-9868-57a2d4851a1d" />
    <TestEntry testId="c08ff032-741a-e511-a8fc-ed56a41132d6" executionId="512dc09a-0f94-496f-840e-775c11352dab" testListId="8c84fa94-04c1-424b-9868-57a2d4851a1d" />
  </TestEntries>
  <TestLists>
    <TestList name="Results Not in a List" id="8c84fa94-04c1-424b-9868-57a2d4851a1d" />
    <TestList name="All Loaded Results" id="19431567-8539-422a-85d7-44ee4e166bda" />
  </TestLists>
  <ResultSummary outcome="Completed">
    <Counters total="34" executed="34" passed="34" failed="0" error="0" timeout="0" aborted="0" inconclusive="0" passedButRunAborted="0" notRunnable="0" notExecuted="0" disconnected="0" warning="0" completed="0" inProgress="0" pending="0" />
    <Output>
      <StdOut>[xUnit.net 00:00:00.00] xUnit.net VSTest Adapter v2.5.3.1+6b60a9e56a (64-bit .NET 8.0.31)&#xD;
[xUnit.net 00:00:00.87]   Discovering: CardiacMonitor.UnitTests&#xD;
[xUnit.net 00:00:00.94]   Discovered:  CardiacMonitor.UnitTests&#xD;
[xUnit.net 00:00:00.95]   Starting:    CardiacMonitor.UnitTests&#xD;
[xUnit.net 00:00:04.18]   Finished:    CardiacMonitor.UnitTests&#xD;
</StdOut>
    </Output>
  </ResultSummary>
</TestRun>