<?xml version="1.0" encoding="utf-8"?>
<TestRun id="fd41d917-916c-4dc5-a60e-cd9a17c5a04e" name="HasTech@DESKTOP-MA012GO 2026-09-17 22:41:46" runUser="DESKTOP-MA012GO\CodexSandboxOffline" xmlns="http://microsoft.com/schemas/VisualStudio/TeamTest/2010">
  <Times creation="2026-09-17T22:41:46.1312983+03:00" queuing="2026-09-17T22:41:46.1312985+03:00" start="2026-09-17T22:41:45.0467652+03:00" finish="2026-09-17T22:41:47.4896437+03:00" />
  <TestSettings name="default" id="762fdf84-8996-4194-9ed0-b0437eff13fd">
    <Deployment runDeploymentRoot="HasTech_DESKTOP-MA012GO_2026-09-17_22_41_46" />
  </TestSettings>
  <Results>
    <UnitTestResult executionId="1a421d75-7b1e-48b4-8dfd-c37ec425bc92" testId="63ff835a-d71e-3c7f-e5be-636eaa7960f0" testName="CardiacMonitor.UnitTests.Validators.Week7RequestValidatorTests.CareAssignmentValidator_ReturnsError_WhenNurseIdIsInvalid" computerName="DESKTOP-MA012GO" duration="00:00:00.0613435" startTime="2026-09-17T22:41:46.1077910+03:00" endTime="2026-09-17T22:41:46.1077911+03:00" testType="13cdc9d9-ddb5-4fa4-a97d-d965ccfc6d4b" outcome="Passed" testListId="8c84fa94-04c1-424b-9868-57a2d4851a1d" relativeResultsDirectory="1a421d75-7b1e-48b4-8dfd-c37ec425bc92" />
    <UnitTestResult executionId="f5ddd657-4ae3-4030-916f-3acb611e1ffd" testId="b4c4d2d1-b166-500b-ed8a-d88c5bbe0711" testName="CardiacMonitor.UnitTests.Controllers.PatientsControllerTests.GetById_ReturnsOk_WhenPatientOwnsProfile" computerName="DESKTOP-MA012GO" duration="00:00:00.1406087" startTime="2026-09-17T22:41:46.1718911+03:00" endTime="2026-09-17T22:41:46.1718916+03:00" testType="13cdc9d9-ddb5-4fa4-a97d-d965ccfc6d4b" outcome="Passed" testListId="8c84fa94-04c1-424b-9868-57a2d4851a1d" relativeResultsDirectory="f5ddd657-4ae3-4030-916f-3acb611e1ffd" />
    <UnitTestResult executionId="6fa8c88d-5d68-4882-9c59-db78d535839f" testId="f638f260-c242-9e47-5387-135da5638348" testName="CardiacMonitor.UnitTests.Validators.AppointmentValidatorTests.Validate_ReturnsInvalidResult_WhenStatusIsUnsupported(status: &quot;Pending&quot;)" computerName="DESKTOP-MA012GO" duration="00:00:00.0007737" startTime="2026-09-17T22:41:46.1050484+03:00" endTime="2026-09-17T22:41:46.1050485+03:00" testType="13cdc9d9-ddb5-4fa4-a97d-d965ccfc6d4b" outcome="Passed" testListId="8c84fa94-04c1-424b-9868-57a2d4851a1d" relativeResultsDirectory="6fa8c88d-5d68-4882-9c59-db78d535839f" />
    <UnitTestResult executionId="b3b855e7-ab17-40df-8d77-352501920180" testId="50b78012-ee8a-70a4-d071-78479a8af7c7" testName="CardiacMonitor.UnitTests.Validators.AppointmentValidatorTests.Validate_ReturnsInvalidResult_WhenStatusIsUnsupported(status: &quot;Unknown&quot;)" computerName="DESKTOP-MA012GO" duration="00:00:00.0001270" startTime="2026-09-17T22:41:46.1053246+03:00" endTime="2026-09-17T22:41:46.1053247+03:00" testType="13cdc9d9-ddb5-4fa4-a97d-d965ccfc6d4b" outcome="Passed" testListId="8c84fa94-04c1-424b-9868-57a2d4851a1d" relativeResultsDirectory="b3b855e7-ab17-40df-8d77-352501920180" />
    <UnitTestResult executionId="28987dfb-0750-4c1a-89ab-7316e023e15f" testId="e3076a61-cba0-d8f5-a020-101088d3c9e5" testName="CardiacMonitor.UnitTests.Validators.AppointmentValidatorTests.Validate_ReturnsInvalidResult_WhenAppointmentDateIsInThePast" computerName="DESKTOP-MA012GO" duration="00:00:00.0564395" startTime="2026-09-17T22:41:46.0878331+03:00" endTime="2026-09-17T22:41:46.0878332+03:00" testType="13cdc9d9-ddb5-4fa4-a97d-d965ccfc6d4b" outcome="Passed" testListId="8c84fa94-04c1-424b-9868-57a2d4851a1d" relativeResultsDirectory="28987dfb-0750-4c1a-89ab-7316e023e15f" />
    <UnitTestResult executionId="896c4540-a7fb-44c1-bbff-0c3b147b2927" testId="60ad2708-01ea-a410-fd71-8d8c95c6ce37" testName="CardiacMonitor.UnitTests.Services.MedicalAlertServiceTests.AlertWorkflow_RecordsAcknowledgementAndResolutionAudit" computerName="DESKTOP-MA012GO" duration="00:00:01.2141609" startTime="2026-09-17T22:41:47.2453702+03:00" endTime="2026-09-17T22:41:47.2453705+03:00" testType="13cdc9d9-ddb5-4fa4-a97d-d965ccfc6d4b" outcome="Passed" testListId="8c84fa94-04c1-424b-9868-57a2d4851a1d" relativeResultsDirectory="896c4540-a7fb-44c1-bbff-0c3b147b2927" />
    <UnitTestResult executionId="2db7be1f-64d3-480d-b504-091c86e89c08" testId="410c036e-5d4b-de1c-5e46-593f4b2c7ee7" testName="CardiacMonitor.UnitTests.Services.DoctorScheduleServiceTests.IsDoctorAvailableAsync_ReturnsExpectedScheduleResult" computerName="DESKTOP-MA012GO" duration="00:00:00.0137571" startTime="2026-09-17T22:41:47.3964863+03:00" endTime="2026-09-17T22:41:47.3964864+03:00" testType="13cdc9d9-ddb5-4fa4-a97d-d965ccfc6d4b" outcome="Passed" testListId="8c84fa94-04c1-424b-9868-57a2d4851a1d" relativeResultsDirectory="2db7be1f-64d3-480d-b504-091c86e89c08" />
    <UnitTestResult executionId="828be95a-cd35-4a6f-882d-6d88b4e0a9d9" testId="24ce5e18-380b-f9ce-fa28-27e7c2fe9097" testName="CardiacMonitor.UnitTests.Validators.VitalSignValidatorTests.Validate_ReturnsInvalidResult_WhenOxygenSaturationIsOutsideRange(oxygenSaturation: &quot;100.1&quot;)" computerName="DESKTOP-MA012GO" duration="00:00:00.0563806" startTime="2026-09-17T22:41:46.0878989+03:00" endTime="2026-09-17T22:41:46.0878991+03:00" testType="13cdc9d9-ddb5-4fa4-a97d-d965ccfc6d4b" outcome="Passed" testListId="8c84fa94-04c1-424b-9868-57a2d4851a1d" relativeResultsDirectory="828be95a-cd35-4a6f-882d-6d88b4e0a9d9" />
    <UnitTestResult executionId="81eeabb1-2b25-4577-b73c-3487a19ddab3" testId="2720e119-3bd9-78d6-8fc6-f809eb8086b1" testName="CardiacMonitor.UnitTests.Validators.PatientQueryParametersValidatorTests.ValidateAsync_ReturnsValid_WhenQueryIsSupported" computerName="DESKTOP-MA012GO" duration="00:00:00.0010675" startTime="2026-09-17T22:41:46.1077218+03:00" endTime="2026-09-17T22:41:46.1077219+03:00" testType="13cdc9d9-ddb5-4fa4-a97d-d965ccfc6d4b" outcome="Passed" testListId="8c84fa94-04c1-424b-9868-57a2d4851a1d" relativeResultsDirectory="81eeabb1-2b25-4577-b73c-3487a19ddab3" />
    <UnitTestResult executionId="a5488d80-fadb-47ad-a1be-37b9ee49d6d0" testId="e9387aa4-5352-dc57-219f-5ec96e772d76" testName="CardiacMonitor.UnitTests.Services.VitalSignServiceTests.GetVitalSignsAsync_ReturnsRequestedFilteredPage" computerName="DESKTOP-MA012GO" duration="00:00:01.2203120" startTime="2026-09-17T22:41:47.2516881+03:00" endTime="2026-09-17T22:41:47.2516882+03:00" testType="13cdc9d9-ddb5-4fa4-a97d-d965ccfc6d4b" outcome="Passed" testListId="8c84fa94-04c1-424b-9868-57a2d4851a1d" relativeResultsDirectory="a5488d80-fadb-47ad-a1be-37b9ee49d6d0" />
    <UnitTestResult executionId="a609189b-d70b-4541-993c-97995aee0141" testId="3aa50b12-5b60-73cc-10bc-2a07cc752074" testName="CardiacMonitor.UnitTests.Validators.VitalSignValidatorTests.Validate_ReturnsInvalidResult_WhenHeartRateIsOutsideRange(heartRate: 29)" computerName="DESKTOP-MA012GO" duration="00:00:00.0002652" startTime="2026-09-17T22:41:46.1074891+03:00" endTime="2026-09-17T22:41:46.1074892+03:00" testType="13cdc9d9-ddb5-4fa4-a97d-d965ccfc6d4b" outcome="Passed" testListId="8c84fa94-04c1-424b-9868-57a2d4851a1d" relativeResultsDirectory="a609189b-d70b-4541-993c-97995aee0141" />
    <UnitTestResult executionId="1893e424-80c3-4d7c-9abe-b1c1c2019290" testId="dbecb87a-5732-775d-755a-bb87c7a8fd53" testName="CardiacMonitor.UnitTests.Services.PatientServiceTests.GetClinicalDetailsAsync_ReturnsRelatedClinicalCollections" computerName="DESKTOP-MA012GO" duration="00:00:01.2494901" startTime="2026-09-17T22:41:47.2807654+03:00" endTime="2026-09-17T22:41:47.2807655+03:00" testType="13cdc9d9-ddb5-4fa4-a97d-d965ccfc6d4b" outcome="Passed" testListId="8c84fa94-04c1-424b-9868-57a2d4851a1d" relativeResultsDirectory="1893e424-80c3-4d7c-9abe-b1c1c2019290" />
    <UnitTestResult executionId="785b024b-29b1-4d22-9012-4a902c1a2781" testId="1036e696-0be4-116a-e99a-894692481048" testName="CardiacMonitor.UnitTests.Validators.VitalSignValidatorTests.Validate_ReturnsInvalidResult_WhenHeartRateIsOutsideRange(heartRate: 251)" computerName="DESKTOP-MA012GO" duration="00:00:00.0004207" startTime="2026-09-17T22:41:46.1054455+03:00" endTime="2026-09-17T22:41:46.1054457+03:00" testType="13cdc9d9-ddb5-4fa4-a97d-d965ccfc6d4b" outcome="Passed" testListId="8c84fa94-04c1-424b-9868-57a2d4851a1d" relativeResultsDirectory="785b024b-29b1-4d22-9012-4a902c1a2781" />
    <UnitTestResult executionId="543e111c-8971-4a9a-9dd9-99ada7d293fb" testId="036edec7-452d-938e-1461-28cff0b2fc5a" testName="CardiacMonitor.UnitTests.Validators.VitalSignQueryParametersValidatorTests.ValidateAsync_ReturnsError_WhenDateRangeIsInverted" computerName="DESKTOP-MA012GO" duration="00:00:00.0045569" startTime="2026-09-17T22:41:46.1077608+03:00" endTime="2026-09-17T22:41:46.1077609+03:00" testType="13cdc9d9-ddb5-4fa4-a97d-d965ccfc6d4b" outcome="Passed" testListId="8c84fa94-04c1-424b-9868-57a2d4851a1d" relativeResultsDirectory="543e111c-8971-4a9a-9dd9-99ada7d293fb" />
    <UnitTestResult executionId="4be44604-15ff-430b-b03e-ff0a9bce3834" testId="76163c1c-34dd-2ba1-3fe5-a42aa0a1b518" testName="CardiacMonitor.UnitTests.CiPipelineVerificationTests.PipelineVerification_DetectsFailure" computerName="DESKTOP-MA012GO" duration="00:00:00.0094979" startTime="2026-09-17T22:41:46.0471481+03:00" endTime="2026-09-17T22:41:46.0471975+03:00" testType="13cdc9d9-ddb5-4fa4-a97d-d965ccfc6d4b" outcome="Passed" testListId="8c84fa94-04c1-424b-9868-57a2d4851a1d" relativeResultsDirectory="4be44604-15ff-430b-b03e-ff0a9bce3834" />
    <UnitTestResult executionId="dee262a0-2ed2-47aa-a2b8-3b43e5b665a5" testId="c7dbd96a-9326-f957-0332-ac17636f0bb4" testName="CardiacMonitor.UnitTests.Validators.VitalSignQueryParametersValidatorTests.ValidateAsync_ReturnsError_WhenPageSizeExceedsMaximum" computerName="DESKTOP-MA012GO" duration="00:00:00.0068855" startTime="2026-09-17T22:41:46.0877418+03:00" endTime="2026-09-17T22:41:46.0877422+03:00" testType="13cdc9d9-ddb5-4fa4-a97d-d965ccfc6d4b" outcome="Passed" testListId="8c84fa94-04c1-424b-9868-57a2d4851a1d" relativeResultsDirectory="dee262a0-2ed2-47aa-a2b8-3b43e5b665a5" />
    <UnitTestResult executionId="dd4b27c0-e4db-4445-8380-9436d928a29f" testId="e5233957-0754-b80d-c6f5-0b5408e4a70e" testName="CardiacMonitor.UnitTests.Services.VitalSignServiceTests.CreateVitalSignAsync_CreatesCriticalAlert_WhenThresholdIsExceeded" computerName="DESKTOP-MA012GO" duration="00:00:00.0727992" startTime="2026-09-17T22:41:47.3246626+03:00" endTime="2026-09-17T22:41:47.3246627+03:00" testType="13cdc9d9-ddb5-4fa4-a97d-d965ccfc6d4b" outcome="Passed" testListId="8c84fa94-04c1-424b-9868-57a2d4851a1d" relativeResultsDirectory="dd4b27c0-e4db-4445-8380-9436d928a29f" />
    <UnitTestResult executionId="1aa8b0e7-3eeb-4a21-9f8f-3f20732c2870" testId="666b30db-320d-0a23-f274-38f673a29435" testName="CardiacMonitor.UnitTests.Services.PatientAccessServiceTests.CanAccessPatientAsync_AllowsOnlyActivelyAssignedNurse" computerName="DESKTOP-MA012GO" duration="00:00:01.2075193" startTime="2026-09-17T22:41:47.2386754+03:00" endTime="2026-09-17T22:41:47.2386756+03:00" testType="13cdc9d9-ddb5-4fa4-a97d-d965ccfc6d4b" outcome="Passed" testListId="8c84fa94-04c1-424b-9868-57a2d4851a1d" relativeResultsDirectory="1aa8b0e7-3eeb-4a21-9f8f-3f20732c2870" />
    <UnitTestResult executionId="a75396fe-cdef-481e-9ae0-9064e3d4c766" testId="4646bc9d-16dd-1d12-a54d-bbd4b3e67d49" testName="CardiacMonitor.UnitTests.Services.CareAssignmentServiceTests.EndAssignmentAsync_RemovesPatientFromActiveNurseList" computerName="DESKTOP-MA012GO" duration="00:00:01.2594161" startTime="2026-09-17T22:41:47.2906658+03:00" endTime="2026-09-17T22:41:47.2906660+03:00" testType="13cdc9d9-ddb5-4fa4-a97d-d965ccfc6d4b" outcome="Passed" testListId="8c84fa94-04c1-424b-9868-57a2d4851a1d" relativeResultsDirectory="a75396fe-cdef-481e-9ae0-9064e3d4c766" />
    <UnitTestResult executionId="96b0d72f-1b01-4db5-8502-3fe4a2d2e866" testId="87df3e20-9fcc-fb1b-4d2a-10e83ece6ff2" testName="CardiacMonitor.UnitTests.Services.AppointmentServiceTests.CreateAppointmentAsync_ReturnsNull_WhenUserIsNotInDoctorRole" computerName="DESKTOP-MA012GO" duration="00:00:00.0156892" startTime="2026-09-17T22:41:47.3143742+03:00" endTime="2026-09-17T22:41:47.3143743+03:00" testType="13cdc9d9-ddb5-4fa4-a97d-d965ccfc6d4b" outcome="Passed" testListId="8c84fa94-04c1-424b-9868-57a2d4851a1d" relativeResultsDirectory="96b0d72f-1b01-4db5-8502-3fe4a2d2e866" />
    <UnitTestResult executionId="cb1eb3b5-c900-4264-833a-42ade70a1a9d" testId="1d0a7f0b-fdec-7244-3668-8251b16e8ae7" testName="CardiacMonitor.UnitTests.Services.DoctorScheduleServiceTests.AddAvailabilityAsync_RejectsOverlappingSlot" computerName="DESKTOP-MA012GO" duration="00:00:01.2270991" startTime="2026-09-17T22:41:47.2582316+03:00" endTime="2026-09-17T22:41:47.2582317+03:00" testType="13cdc9d9-ddb5-4fa4-a97d-d965ccfc6d4b" outcome="Passed" testListId="8c84fa94-04c1-424b-9868-57a2d4851a1d" relativeResultsDirectory="cb1eb3b5-c900-4264-833a-42ade70a1a9d" />
    <UnitTestResult executionId="3f741e47-86a4-4df1-9d3b-13fcc460730d" testId="cf4f72c3-3046-1d44-994b-c930b75a2a1f" testName="CardiacMonitor.UnitTests.Validators.PatientQueryParametersValidatorTests.ValidateAsync_ReturnsErrors_WhenGenderAndSortAreUnsupported" computerName="DESKTOP-MA012GO" duration="00:00:00.0619699" startTime="2026-09-17T22:41:46.1048460+03:00" endTime="2026-09-17T22:41:46.1048461+03:00" testType="13cdc9d9-ddb5-4fa4-a97d-d965ccfc6d4b" outcome="Passed" testListId="8c84fa94-04c1-424b-9868-57a2d4851a1d" relativeResultsDirectory="3f741e47-86a4-4df1-9d3b-13fcc460730d" />
    <UnitTestResult executionId="8208f8b2-c5e1-4760-868e-e11a191a03f1" testId="1987a8e2-4db4-8c72-3071-7b4c95fbddd7" testName="CardiacMonitor.UnitTests.Validators.VitalSignValidatorTests.Validate_ReturnsValidResult_WhenVitalSignsAreWithinRange" computerName="DESKTOP-MA012GO" duration="00:00:00.0003838" startTime="2026-09-17T22:41:46.1051332+03:00" endTime="2026-09-17T22:41:46.1051334+03:00" testType="13cdc9d9-ddb5-4fa4-a97d-d965ccfc6d4b" outcome="Passed" testListId="8c84fa94-04c1-424b-9868-57a2d4851a1d" relativeResultsDirectory="8208f8b2-c5e1-4760-868e-e11a191a03f1" />
    <UnitTestResult executionId="cb2ca154-8fdd-4419-bbc3-b04e848f2f05" testId="7f9566a2-16f3-8503-4c3f-c86f1b3fcaf9" testName="CardiacMonitor.UnitTests.Controllers.PatientsControllerTests.GetById_ReturnsProblemDetails_WhenPatientDoesNotExist" computerName="DESKTOP-MA012GO" duration="00:00:00.0054275" startTime="2026-09-17T22:41:46.1833312+03:00" endTime="2026-09-17T22:41:46.1833314+03:00" testType="13cdc9d9-ddb5-4fa4-a97d-d965ccfc6d4b" outcome="Passed" testListId="8c84fa94-04c1-424b-9868-57a2d4851a1d" relativeResultsDirectory="cb2ca154-8fdd-4419-bbc3-b04e848f2f05" />
    <UnitTestResult executionId="c7251122-d5c5-48d6-b44a-653ff8a4b781" testId="c08ff032-741a-e511-a8fc-ed56a41132d6" testName="CardiacMonitor.UnitTests.Services.PatientServiceTests.GetAllPatientsAsync_ReturnsRequestedFilteredPage" computerName="DESKTOP-MA012GO" duration="00:00:00.0569159" startTime="2026-09-17T22:41:47.3377503+03:00" endTime="2026-09-17T22:41:47.3377504+03:00" testType="13cdc9d9-ddb5-4fa4-a97d-d965ccfc6d4b" outcome="Passed" testListId="8c84fa94-04c1-424b-9868-57a2d4851a1d" relativeResultsDirectory="c7251122-d5c5-48d6-b44a-653ff8a4b781" />
    <UnitTestResult executionId="b6998fd3-0eb1-4780-bcdf-890796a4fa70" testId="3c1e8207-a4ae-7700-507e-f8c6cf15dd9e" testName="CardiacMonitor.UnitTests.Services.AppointmentServiceTests.CreateAppointmentAsync_ReturnsNull_WhenDoctorIsUnavailable" computerName="DESKTOP-MA012GO" duration="00:00:00.0193271" startTime="2026-09-17T22:41:47.2954965+03:00" endTime="2026-09-17T22:41:47.2954966+03:00" testType="13cdc9d9-ddb5-4fa4-a97d-d965ccfc6d4b" outcome="Passed" testListId="8c84fa94-04c1-424b-9868-57a2d4851a1d" relativeResultsDirectory="b6998fd3-0eb1-4780-bcdf-890796a4fa70" />
    <UnitTestResult executionId="022e475f-6393-4e2e-af93-2162814695be" testId="2c851c27-844b-e193-62d3-5fabdd06fd23" testName="CardiacMonitor.UnitTests.Validators.VitalSignQueryParametersValidatorTests.ValidateAsync_ReturnsValid_WhenQueryIsSupported" computerName="DESKTOP-MA012GO" duration="00:00:00.0548622" startTime="2026-09-17T22:41:46.0807827+03:00" endTime="2026-09-17T22:41:46.0807833+03:00" testType="13cdc9d9-ddb5-4fa4-a97d-d965ccfc6d4b" outcome="Passed" testListId="8c84fa94-04c1-424b-9868-57a2d4851a1d" relativeResultsDirectory="022e475f-6393-4e2e-af93-2162814695be" />
    <UnitTestResult executionId="c94ac214-a665-4e76-b994-03512d6d98ab" testId="9bc73a2c-80fc-695a-7e2b-b1840d47c061" testName="CardiacMonitor.UnitTests.Validators.VitalSignValidatorTests.Validate_ReturnsInvalidResult_WhenOxygenSaturationIsOutsideRange(oxygenSaturation: &quot;49.9&quot;)" computerName="DESKTOP-MA012GO" duration="00:00:00.0006635" startTime="2026-09-17T22:41:46.1049612+03:00" endTime="2026-09-17T22:41:46.1049614+03:00" testType="13cdc9d9-ddb5-4fa4-a97d-d965ccfc6d4b" outcome="Passed" testListId="8c84fa94-04c1-424b-9868-57a2d4851a1d" relativeResultsDirectory="c94ac214-a665-4e76-b994-03512d6d98ab" />
    <UnitTestResult executionId="de4249ca-7e3b-4cfb-9368-70ce6983a68d" testId="d1cb9082-ad77-b71a-b030-33539172dd3b" testName="CardiacMonitor.UnitTests.Services.DoctorScheduleServiceTests.GetAvailabilityAsync_RefreshesCacheAfterAvailabilityIsAdded" computerName="DESKTOP-MA012GO" duration="00:00:00.1242559" startTime="2026-09-17T22:41:47.3825864+03:00" endTime="2026-09-17T22:41:47.3825865+03:00" testType="13cdc9d9-ddb5-4fa4-a97d-d965ccfc6d4b" outcome="Passed" testListId="8c84fa94-04c1-424b-9868-57a2d4851a1d" relativeResultsDirectory="de4249ca-7e3b-4cfb-9368-70ce6983a68d" />
    <UnitTestResult executionId="af514f76-f50b-49c9-8090-ccefb6c9c6cf" testId="7e8cdc42-98bd-c88d-3c39-8d45e3e1ab01" testName="CardiacMonitor.UnitTests.Validators.PatientQueryParametersValidatorTests.ValidateAsync_ReturnsError_WhenPageSizeExceedsMaximum" computerName="DESKTOP-MA012GO" duration="00:00:00.0012655" startTime="2026-09-17T22:41:46.1052886+03:00" endTime="2026-09-17T22:41:46.1052887+03:00" testType="13cdc9d9-ddb5-4fa4-a97d-d965ccfc6d4b" outcome="Passed" testListId="8c84fa94-04c1-424b-9868-57a2d4851a1d" relativeResultsDirectory="af514f76-f50b-49c9-8090-ccefb6c9c6cf" />
    <UnitTestResult executionId="1bb06e63-d14a-4093-8a98-1cbb563b15dc" testId="2dd6bd30-df49-8a88-e94f-98d5c270751a" testName="CardiacMonitor.UnitTests.Validators.AppointmentValidatorTests.Validate_ReturnsInvalidResult_WhenStatusIsUnsupported(status: &quot;&quot;)" computerName="DESKTOP-MA012GO" duration="00:00:00.0003775" startTime="2026-09-17T22:41:46.1052055+03:00" endTime="2026-09-17T22:41:46.1052056+03:00" testType="13cdc9d9-ddb5-4fa4-a97d-d965ccfc6d4b" outcome="Passed" testListId="8c84fa94-04c1-424b-9868-57a2d4851a1d" relativeResultsDirectory="1bb06e63-d14a-4093-8a98-1cbb563b15dc" />
    <UnitTestResult executionId="3d235b9c-2abc-44a5-95f9-6b6232696cd6" testId="a638ba9c-8361-d3ac-527f-626d91f7b790" testName="CardiacMonitor.UnitTests.Services.AppointmentServiceTests.CreateAppointmentAsync_CreatesAppointment_WhenUserIsInDoctorRole" computerName="DESKTOP-MA012GO" duration="00:00:01.2447433" startTime="2026-09-17T22:41:47.2761167+03:00" endTime="2026-09-17T22:41:47.2761168+03:00" testType="13cdc9d9-ddb5-4fa4-a97d-d965ccfc6d4b" outcome="Passed" testListId="8c84fa94-04c1-424b-9868-57a2d4851a1d" relativeResultsDirectory="3d235b9c-2abc-44a5-95f9-6b6232696cd6" />
    <UnitTestResult executionId="6f73ec8e-87db-4e27-93d8-e2ad621e0b35" testId="6a86eb3d-ff05-11a2-765a-34515fb24bea" testName="CardiacMonitor.UnitTests.Services.AppointmentServiceTests.CreateAppointmentAsync_ReturnsNull_WhenDoctorHasTimeConflict" computerName="DESKTOP-MA012GO" duration="00:00:00.0029798" startTime="2026-09-17T22:41:47.2985743+03:00" endTime="2026-09-17T22:41:47.2985744+03:00" testType="13cdc9d9-ddb5-4fa4-a97d-d965ccfc6d4b" outcome="Passed" testListId="8c84fa94-04c1-424b-9868-57a2d4851a1d" relativeResultsDirectory="6f73ec8e-87db-4e27-93d8-e2ad621e0b35" />
    <UnitTestResult executionId="23141e94-a037-4cb0-a088-f5c1c50a7476" testId="ab8095e5-e14c-9db1-30aa-4622a10e2e55" testName="CardiacMonitor.UnitTests.Validators.VitalSignValidatorTests.Validate_ReturnsInvalidResult_WhenHeartRateIsOutsideRange(heartRate: 500)" computerName="DESKTOP-MA012GO" duration="00:00:00.0001444" startTime="2026-09-17T22:41:46.1076430+03:00" endTime="2026-09-17T22:41:46.1076431+03:00" testType="13cdc9d9-ddb5-4fa4-a97d-d965ccfc6d4b" outcome="Passed" testListId="8c84fa94-04c1-424b-9868-57a2d4851a1d" relativeResultsDirectory="23141e94-a037-4cb0-a088-f5c1c50a7476" />
    <UnitTestResult executionId="c59fbb98-7a60-46ca-91d9-2889723b62b3" testId="f3f4c0f2-e8cf-ea42-bf6d-3c7b80aed07c" testName="CardiacMonitor.UnitTests.Controllers.PatientsControllerTests.GetById_ReturnsForbidden_WhenPatientDoesNotOwnProfile" computerName="DESKTOP-MA012GO" duration="00:00:00.0058426" startTime="2026-09-17T22:41:46.1778332+03:00" endTime="2026-09-17T22:41:46.1778336+03:00" testType="13cdc9d9-ddb5-4fa4-a97d-d965ccfc6d4b" outcome="Passed" testListId="8c84fa94-04c1-424b-9868-57a2d4851a1d" relativeResultsDirectory="c59fbb98-7a60-46ca-91d9-2889723b62b3" />
  </Results>
  <TestDefinitions>
    <UnitTest name="CardiacMonitor.UnitTests.Services.DoctorScheduleServiceTests.IsDoctorAvailableAsync_ReturnsExpectedScheduleResult" storage="d:\visual studio\mohammad-abdelfattah-binx-backend-internship\cardiacmonitor\tests\cardiacmonitor.unittests\bin\release\net8.0\cardiacmonitor.unittests.dll" id="410c036e-5d4b-de1c-5e46-593f4b2c7ee7">
      <Execution id="2db7be1f-64d3-480d-b504-091c86e89c08" />
      <TestMethod codeBase="D:\Visual Studio\Mohammad-Abdelfattah-BinX-Backend-Internship\CardiacMonitor\tests\CardiacMonitor.UnitTests\bin\Release\net8.0\CardiacMonitor.UnitTests.dll" adapterTypeName="executor://xunit/VsTestRunner2/netcoreapp" className="CardiacMonitor.UnitTests.Services.DoctorScheduleServiceTests" name="IsDoctorAvailableAsync_ReturnsExpectedScheduleResult" />
    </UnitTest>
    <UnitTest name="CardiacMonitor.UnitTests.Services.AppointmentServiceTests.CreateAppointmentAsync_ReturnsNull_WhenUserIsNotInDoctorRole" storage="d:\visual studio\mohammad-abdelfattah-binx-backend-internship\cardiacmonitor\tests\cardiacmonitor.unittests\bin\release\net8.0\cardiacmonitor.unittests.dll" id="87df3e20-9fcc-fb1b-4d2a-10e83ece6ff2">
      <Execution id="96b0d72f-1b01-4db5-8502-3fe4a2d2e866" />
      <TestMethod codeBase="D:\Visual Studio\Mohammad-Abdelfattah-BinX-Backend-Internship\CardiacMonitor\tests\CardiacMonitor.UnitTests\bin\Release\net8.0\CardiacMonitor.UnitTests.dll" adapterTypeName="executor://xunit/VsTestRunner2/netcoreapp" className="CardiacMonitor.UnitTests.Services.AppointmentServiceTests" name="CreateAppointmentAsync_ReturnsNull_WhenUserIsNotInDoctorRole" />
    </UnitTest>
    <UnitTest name="CardiacMonitor.UnitTests.Services.AppointmentServiceTests.CreateAppointmentAsync_ReturnsNull_WhenDoctorIsUnavailable" storage="d:\visual studio\mohammad-abdelfattah-binx-backend-internship\cardiacmonitor\tests\cardiacmonitor.unittests\bin\release\net8.0\cardiacmonitor.unittests.dll" id="3c1e8207-a4ae-7700-507e-f8c6cf15dd9e">
      <Execution id="b6998fd3-0eb1-4780-bcdf-890796a4fa70" />
      <TestMethod codeBase="D:\Visual Studio\Mohammad-Abdelfattah-BinX-Backend-Internship\CardiacMonitor\tests\CardiacMonitor.UnitTests\bin\Release\net8.0\CardiacMonitor.UnitTests.dll" adapterTypeName="executor://xunit/VsTestRunner2/netcoreapp" className="CardiacMonitor.UnitTests.Services.AppointmentServiceTests" name="CreateAppointmentAsync_ReturnsNull_WhenDoctorIsUnavailable" />
    </UnitTest>
    <UnitTest name="CardiacMonitor.UnitTests.Validators.VitalSignQueryParametersValidatorTests.ValidateAsync_ReturnsError_WhenPageSizeExceedsMaximum" storage="d:\visual studio\mohammad-abdelfattah-binx-backend-internship\cardiacmonitor\tests\cardiacmonitor.unittests\bin\release\net8.0\cardiacmonitor.unittests.dll" id="c7dbd96a-9326-f957-0332-ac17636f0bb4">
      <Execution id="dee262a0-2ed2-47aa-a2b8-3b43e5b665a5" />
      <TestMethod codeBase="D:\Visual Studio\Mohammad-Abdelfattah-BinX-Backend-Internship\CardiacMonitor\tests\CardiacMonitor.UnitTests\bin\Release\net8.0\CardiacMonitor.UnitTests.dll" adapterTypeName="executor://xunit/VsTestRunner2/netcoreapp" className="CardiacMonitor.UnitTests.Validators.VitalSignQueryParametersValidatorTests" name="ValidateAsync_ReturnsError_WhenPageSizeExceedsMaximum" />
    </UnitTest>
    <UnitTest name="CardiacMonitor.UnitTests.Validators.VitalSignQueryParametersValidatorTests.ValidateAsync_ReturnsError_WhenDateRangeIsInverted" storage="d:\visual studio\mohammad-abdelfattah-binx-backend-internship\cardiacmonitor\tests\cardiacmonitor.unittests\bin\release\net8.0\cardiacmonitor.unittests.dll" id="036edec7-452d-938e-1461-28cff0b2fc5a">
      <Execution id="543e111c-8971-4a9a-9dd9-99ada7d293fb" />
      <TestMethod codeBase="D:\Visual Studio\Mohammad-Abdelfattah-BinX-Backend-Internship\CardiacMonitor\tests\CardiacMonitor.UnitTests\bin\Release\net8.0\CardiacMonitor.UnitTests.dll" adapterTypeName="executor://xunit/VsTestRunner2/netcoreapp" className="CardiacMonitor.UnitTests.Validators.VitalSignQueryParametersValidatorTests" name="ValidateAsync_ReturnsError_WhenDateRangeIsInverted" />
    </UnitTest>
    <UnitTest name="CardiacMonitor.UnitTests.Validators.AppointmentValidatorTests.Validate_ReturnsInvalidResult_WhenAppointmentDateIsInThePast" storage="d:\visual studio\mohammad-abdelfattah-binx-backend-internship\cardiacmonitor\tests\cardiacmonitor.unittests\bin\release\net8.0\cardiacmonitor.unittests.dll" id="e3076a61-cba0-d8f5-a020-101088d3c9e5">
      <Execution id="28987dfb-0750-4c1a-89ab-7316e023e15f" />
      <TestMethod codeBase="D:\Visual Studio\Mohammad-Abdelfattah-BinX-Backend-Internship\CardiacMonitor\tests\CardiacMonitor.UnitTests\bin\Release\net8.0\CardiacMonitor.UnitTests.dll" adapterTypeName="executor://xunit/VsTestRunner2/netcoreapp" className="CardiacMonitor.UnitTests.Validators.AppointmentValidatorTests" name="Validate_ReturnsInvalidResult_WhenAppointmentDateIsInThePast" />
    </UnitTest>
    <UnitTest name="CardiacMonitor.UnitTests.Services.PatientServiceTests.GetAllPatientsAsync_ReturnsRequestedFilteredPage" storage="d:\visual studio\mohammad-abdelfattah-binx-backend-internship\cardiacmonitor\tests\cardiacmonitor.unittests\bin\release\net8.0\cardiacmonitor.unittests.dll" id="c08ff032-741a-e511-a8fc-ed56a41132d6">
      <Execution id="c7251122-d5c5-48d6-b44a-653ff8a4b781" />
      <TestMethod codeBase="D:\Visual Studio\Mohammad-Abdelfattah-BinX-Backend-Internship\CardiacMonitor\tests\CardiacMonitor.UnitTests\bin\Release\net8.0\CardiacMonitor.UnitTests.dll" adapterTypeName="executor://xunit/VsTestRunner2/netcoreapp" className="CardiacMonitor.UnitTests.Services.PatientServiceTests" name="GetAllPatientsAsync_ReturnsRequestedFilteredPage" />
    </UnitTest>
    <UnitTest name="CardiacMonitor.UnitTests.Validators.AppointmentValidatorTests.Validate_ReturnsInvalidResult_WhenStatusIsUnsupported(status: &quot;Unknown&quot;)" storage="d:\visual studio\mohammad-abdelfattah-binx-backend-internship\cardiacmonitor\tests\cardiacmonitor.unittests\bin\release\net8.0\cardiacmonitor.unittests.dll" id="50b78012-ee8a-70a4-d071-78479a8af7c7">
      <Execution id="b3b855e7-ab17-40df-8d77-352501920180" />
      <TestMethod codeBase="D:\Visual Studio\Mohammad-Abdelfattah-BinX-Backend-Internship\CardiacMonitor\tests\CardiacMonitor.UnitTests\bin\Release\net8.0\CardiacMonitor.UnitTests.dll" adapterTypeName="executor://xunit/VsTestRunner2/netcoreapp" className="CardiacMonitor.UnitTests.Validators.AppointmentValidatorTests" name="Validate_ReturnsInvalidResult_WhenStatusIsUnsupported" />
    </UnitTest>
    <UnitTest name="CardiacMonitor.UnitTests.Services.CareAssignmentServiceTests.EndAssignmentAsync_RemovesPatientFromActiveNurseList" storage="d:\visual studio\mohammad-abdelfattah-binx-backend-internship\cardiacmonitor\tests\cardiacmonitor.unittests\bin\release\net8.0\cardiacmonitor.unittests.dll" id="4646bc9d-16dd-1d12-a54d-bbd4b3e67d49">
      <Execution id="a75396fe-cdef-481e-9ae0-9064e3d4c766" />
      <TestMethod codeBase="D:\Visual Studio\Mohammad-Abdelfattah-BinX-Backend-Internship\CardiacMonitor\tests\CardiacMonitor.UnitTests\bin\Release\net8.0\CardiacMonitor.UnitTests.dll" adapterTypeName="executor://xunit/VsTestRunner2/netcoreapp" className="CardiacMonitor.UnitTests.Services.CareAssignmentServiceTests" name="EndAssignmentAsync_RemovesPatientFromActiveNurseList" />
    </UnitTest>
    <UnitTest name="CardiacMonitor.UnitTests.Validators.VitalSignValidatorTests.Validate_ReturnsInvalidResult_WhenHeartRateIsOutsideRange(heartRate: 29)" storage="d:\visual studio\mohammad-abdelfattah-binx-backend-internship\cardiacmonitor\tests\cardiacmonitor.unittests\bin\release\net8.0\cardiacmonitor.unittests.dll" id="3aa50b12-5b60-73cc-10bc-2a07cc752074">
      <Execution id="a609189b-d70b-4541-993c-97995aee0141" />
      <TestMethod codeBase="D:\Visual Studio\Mohammad-Abdelfattah-BinX-Backend-Internship\CardiacMonitor\tests\CardiacMonitor.UnitTests\bin\Release\net8.0\CardiacMonitor.UnitTests.dll" adapterTypeName="executor://xunit/VsTestRunner2/netcoreapp" className="CardiacMonitor.UnitTests.Validators.VitalSignValidatorTests" name="Validate_ReturnsInvalidResult_WhenHeartRateIsOutsideRange" />
    </UnitTest>
    <UnitTest name="CardiacMonitor.UnitTests.Validators.VitalSignValidatorTests.Validate_ReturnsInvalidResult_WhenOxygenSaturationIsOutsideRange(oxygenSaturation: &quot;49.9&quot;)" storage="d:\visual studio\mohammad-abdelfattah-binx-backend-internship\cardiacmonitor\tests\cardiacmonitor.unittests\bin\release\net8.0\cardiacmonitor.unittests.dll" id="9bc73a2c-80fc-695a-7e2b-b1840d47c061">
      <Execution id="c94ac214-a665-4e76-b994-03512d6d98ab" />
      <TestMethod codeBase="D:\Visual Studio\Mohammad-Abdelfattah-BinX-Backend-Internship\CardiacMonitor\tests\CardiacMonitor.UnitTests\bin\Release\net8.0\CardiacMonitor.UnitTests.dll" adapterTypeName="executor://xunit/VsTestRunner2/netcoreapp" className="CardiacMonitor.UnitTests.Validators.VitalSignValidatorTests" name="Validate_ReturnsInvalidResult_WhenOxygenSaturationIsOutsideRange" />
    </UnitTest>
    <UnitTest name="CardiacMonitor.UnitTests.Controllers.PatientsControllerTests.GetById_ReturnsProblemDetails_WhenPatientDoesNotExist" storage="d:\visual studio\mohammad-abdelfattah-binx-backend-internship\cardiacmonitor\tests\cardiacmonitor.unittests\bin\release\net8.0\cardiacmonitor.unittests.dll" id="7f9566a2-16f3-8503-4c3f-c86f1b3fcaf9">
      <Execution id="cb2ca154-8fdd-4419-bbc3-b04e848f2f05" />
      <TestMethod codeBase="D:\Visual Studio\Mohammad-Abdelfattah-BinX-Backend-Internship\CardiacMonitor\tests\CardiacMonitor.UnitTests\bin\Release\net8.0\CardiacMonitor.UnitTests.dll" adapterTypeName="executor://xunit/VsTestRunner2/netcoreapp" className="CardiacMonitor.UnitTests.Controllers.PatientsControllerTests" name="GetById_ReturnsProblemDetails_WhenPatientDoesNotExist" />
    </UnitTest>
    <UnitTest name="CardiacMonitor.UnitTests.Services.AppointmentServiceTests.CreateAppointmentAsync_CreatesAppointment_WhenUserIsInDoctorRole" storage="d:\visual studio\mohammad-abdelfattah-binx-backend-internship\cardiacmonitor\tests\cardiacmonitor.unittests\bin\release\net8.0\cardiacmonitor.unittests.dll" id="a638ba9c-8361-d3ac-527f-626d91f7b790">
      <Execution id="3d235b9c-2abc-44a5-95f9-6b6232696cd6" />
      <TestMethod codeBase="D:\Visual Studio\Mohammad-Abdelfattah-BinX-Backend-Internship\CardiacMonitor\tests\CardiacMonitor.UnitTests\bin\Release\net8.0\CardiacMonitor.UnitTests.dll" adapterTypeName="executor://xunit/VsTestRunner2/netcoreapp" className="CardiacMonitor.UnitTests.Services.AppointmentServiceTests" name="CreateAppointmentAsync_CreatesAppointment_WhenUserIsInDoctorRole" />
    </UnitTest>
    <UnitTest name="CardiacMonitor.UnitTests.Validators.VitalSignValidatorTests.Validate_ReturnsInvalidResult_WhenOxygenSaturationIsOutsideRange(oxygenSaturation: &quot;100.1&quot;)" storage="d:\visual studio\mohammad-abdelfattah-binx-backend-internship\cardiacmonitor\tests\cardiacmonitor.unittests\bin\release\net8.0\cardiacmonitor.unittests.dll" id="24ce5e18-380b-f9ce-fa28-27e7c2fe9097">
      <Execution id="828be95a-cd35-4a6f-882d-6d88b4e0a9d9" />
      <TestMethod codeBase="D:\Visual Studio\Mohammad-Abdelfattah-BinX-Backend-Internship\CardiacMonitor\tests\CardiacMonitor.UnitTests\bin\Release\net8.0\CardiacMonitor.UnitTests.dll" adapterTypeName="executor://xunit/VsTestRunner2/netcoreapp" className="CardiacMonitor.UnitTests.Validators.VitalSignValidatorTests" name="Validate_ReturnsInvalidResult_WhenOxygenSaturationIsOutsideRange" />
    </UnitTest>
    <UnitTest name="CardiacMonitor.UnitTests.CiPipelineVerificationTests.PipelineVerification_DetectsFailure" storage="d:\visual studio\mohammad-abdelfattah-binx-backend-internship\cardiacmonitor\tests\cardiacmonitor.unittests\bin\release\net8.0\cardiacmonitor.unittests.dll" id="76163c1c-34dd-2ba1-3fe5-a42aa0a1b518">
      <Execution id="4be44604-15ff-430b-b03e-ff0a9bce3834" />
      <TestMethod codeBase="D:\Visual Studio\Mohammad-Abdelfattah-BinX-Backend-Internship\CardiacMonitor\tests\CardiacMonitor.UnitTests\bin\Release\net8.0\CardiacMonitor.UnitTests.dll" adapterTypeName="executor://xunit/VsTestRunner2/netcoreapp" className="CardiacMonitor.UnitTests.CiPipelineVerificationTests" name="PipelineVerification_DetectsFailure" />
    </UnitTest>
    <UnitTest name="CardiacMonitor.UnitTests.Services.AppointmentServiceTests.CreateAppointmentAsync_ReturnsNull_WhenDoctorHasTimeConflict" storage="d:\visual studio\mohammad-abdelfattah-binx-backend-internship\cardiacmonitor\tests\cardiacmonitor.unittests\bin\release\net8.0\cardiacmonitor.unittests.dll" id="6a86eb3d-ff05-11a2-765a-34515fb24bea">
      <Execution id="6f73ec8e-87db-4e27-93d8-e2ad621e0b35" />
      <TestMethod codeBase="D:\Visual Studio\Mohammad-Abdelfattah-BinX-Backend-Internship\CardiacMonitor\tests\CardiacMonitor.UnitTests\bin\Release\net8.0\CardiacMonitor.UnitTests.dll" adapterTypeName="executor://xunit/VsTestRunner2/netcoreapp" className="CardiacMonitor.UnitTests.Services.AppointmentServiceTests" name="CreateAppointmentAsync_ReturnsNull_WhenDoctorHasTimeConflict" />
    </UnitTest>
    <UnitTest name="CardiacMonitor.UnitTests.Services.PatientServiceTests.GetClinicalDetailsAsync_ReturnsRelatedClinicalCollections" storage="d:\visual studio\mohammad-abdelfattah-binx-backend-internship\cardiacmonitor\tests\cardiacmonitor.unittests\bin\release\net8.0\cardiacmonitor.unittests.dll" id="dbecb87a-5732-775d-755a-bb87c7a8fd53">
      <Execution id="1893e424-80c3-4d7c-9abe-b1c1c2019290" />
      <TestMethod codeBase="D:\Visual Studio\Mohammad-Abdelfattah-BinX-Backend-Internship\CardiacMonitor\tests\CardiacMonitor.UnitTests\bin\Release\net8.0\CardiacMonitor.UnitTests.dll" adapterTypeName="executor://xunit/VsTestRunner2/netcoreapp" className="CardiacMonitor.UnitTests.Services.PatientServiceTests" name="GetClinicalDetailsAsync_ReturnsRelatedClinicalCollections" />
    </UnitTest>
    <UnitTest name="CardiacMonitor.UnitTests.Controllers.PatientsControllerTests.GetById_ReturnsOk_WhenPatientOwnsProfile" storage="d:\visual studio\mohammad-abdelfattah-binx-backend-internship\cardiacmonitor\tests\cardiacmonitor.unittests\bin\release\net8.0\cardiacmonitor.unittests.dll" id="b4c4d2d1-b166-500b-ed8a-d88c5bbe0711">
      <Execution id="f5ddd657-4ae3-4030-916f-3acb611e1ffd" />
      <TestMethod codeBase="D:\Visual Studio\Mohammad-Abdelfattah-BinX-Backend-Internship\CardiacMonitor\tests\CardiacMonitor.UnitTests\bin\Release\net8.0\CardiacMonitor.UnitTests.dll" adapterTypeName="executor://xunit/VsTestRunner2/netcoreapp" className="CardiacMonitor.UnitTests.Controllers.PatientsControllerTests" name="GetById_ReturnsOk_WhenPatientOwnsProfile" />
    </UnitTest>
    <UnitTest name="CardiacMonitor.UnitTests.Validators.PatientQueryParametersValidatorTests.ValidateAsync_ReturnsErrors_WhenGenderAndSortAreUnsupported" storage="d:\visual studio\mohammad-abdelfattah-binx-backend-internship\cardiacmonitor\tests\cardiacmonitor.unittests\bin\release\net8.0\cardiacmonitor.unittests.dll" id="cf4f72c3-3046-1d44-994b-c930b75a2a1f">
      <Execution id="3f741e47-86a4-4df1-9d3b-13fcc460730d" />
      <TestMethod codeBase="D:\Visual Studio\Mohammad-Abdelfattah-BinX-Backend-Internship\CardiacMonitor\tests\CardiacMonitor.UnitTests\bin\Release\net8.0\CardiacMonitor.UnitTests.dll" adapterTypeName="executor://xunit/VsTestRunner2/netcoreapp" className="CardiacMonitor.UnitTests.Validators.PatientQueryParametersValidatorTests" name="ValidateAsync_ReturnsErrors_WhenGenderAndSortAreUnsupported" />
    </UnitTest>
    <UnitTest name="CardiacMonitor.UnitTests.Validators.AppointmentValidatorTests.Validate_ReturnsInvalidResult_WhenStatusIsUnsupported(status: &quot;&quot;)" storage="d:\visual studio\mohammad-abdelfattah-binx-backend-internship\cardiacmonitor\tests\cardiacmonitor.unittests\bin\release\net8.0\cardiacmonitor.unittests.dll" id="2dd6bd30-df49-8a88-e94f-98d5c270751a">
      <Execution id="1bb06e63-d14a-4093-8a98-1cbb563b15dc" />
      <TestMethod codeBase="D:\Visual Studio\Mohammad-Abdelfattah-BinX-Backend-Internship\CardiacMonitor\tests\CardiacMonitor.UnitTests\bin\Release\net8.0\CardiacMonitor.UnitTests.dll" adapterTypeName="executor://xunit/VsTestRunner2/netcoreapp" className="CardiacMonitor.UnitTests.Validators.AppointmentValidatorTests" name="Validate_ReturnsInvalidResult_WhenStatusIsUnsupported" />
    </UnitTest>
    <UnitTest name="CardiacMonitor.UnitTests.Validators.VitalSignValidatorTests.Validate_ReturnsValidResult_WhenVitalSignsAreWithinRange" storage="d:\visual studio\mohammad-abdelfattah-binx-backend-internship\cardiacmonitor\tests\cardiacmonitor.unittests\bin\release\net8.0\cardiacmonitor.unittests.dll" id="1987a8e2-4db4-8c72-3071-7b4c95fbddd7">
      <Execution id="8208f8b2-c5e1-4760-868e-e11a191a03f1" />
      <TestMethod codeBase="D:\Visual Studio\Mohammad-Abdelfattah-BinX-Backend-Internship\CardiacMonitor\tests\CardiacMonitor.UnitTests\bin\Release\net8.0\CardiacMonitor.UnitTests.dll" adapterTypeName="executor://xunit/VsTestRunner2/netcoreapp" className="CardiacMonitor.UnitTests.Validators.VitalSignValidatorTests" name="Validate_ReturnsValidResult_WhenVitalSignsAreWithinRange" />
    </UnitTest>
    <UnitTest name="CardiacMonitor.UnitTests.Services.VitalSignServiceTests.GetVitalSignsAsync_ReturnsRequestedFilteredPage" storage="d:\visual studio\mohammad-abdelfattah-binx-backend-internship\cardiacmonitor\tests\cardiacmonitor.unittests\bin\release\net8.0\cardiacmonitor.unittests.dll" id="e9387aa4-5352-dc57-219f-5ec96e772d76">
      <Execution id="a5488d80-fadb-47ad-a1be-37b9ee49d6d0" />
      <TestMethod codeBase="D:\Visual Studio\Mohammad-Abdelfattah-BinX-Backend-Internship\CardiacMonitor\tests\CardiacMonitor.UnitTests\bin\Release\net8.0\CardiacMonitor.UnitTests.dll" adapterTypeName="executor://xunit/VsTestRunner2/netcoreapp" className="CardiacMonitor.UnitTests.Services.VitalSignServiceTests" name="GetVitalSignsAsync_ReturnsRequestedFilteredPage" />
    </UnitTest>
    <UnitTest name="CardiacMonitor.UnitTests.Services.VitalSignServiceTests.CreateVitalSignAsync_CreatesCriticalAlert_WhenThresholdIsExceeded" storage="d:\visual studio\mohammad-abdelfattah-binx-backend-internship\cardiacmonitor\tests\cardiacmonitor.unittests\bin\release\net8.0\cardiacmonitor.unittests.dll" id="e5233957-0754-b80d-c6f5-0b5408e4a70e">
      <Execution id="dd4b27c0-e4db-4445-8380-9436d928a29f" />
      <TestMethod codeBase="D:\Visual Studio\Mohammad-Abdelfattah-BinX-Backend-Internship\CardiacMonitor\tests\CardiacMonitor.UnitTests\bin\Release\net8.0\CardiacMonitor.UnitTests.dll" adapterTypeName="executor://xunit/VsTestRunner2/netcoreapp" className="CardiacMonitor.UnitTests.Services.VitalSignServiceTests" name="CreateVitalSignAsync_CreatesCriticalAlert_WhenThresholdIsExceeded" />
    </UnitTest>
    <UnitTest name="CardiacMonitor.UnitTests.Services.PatientAccessServiceTests.CanAccessPatientAsync_AllowsOnlyActivelyAssignedNurse" storage="d:\visual studio\mohammad-abdelfattah-binx-backend-internship\cardiacmonitor\tests\cardiacmonitor.unittests\bin\release\net8.0\cardiacmonitor.unittests.dll" id="666b30db-320d-0a23-f274-38f673a29435">
      <Execution id="1aa8b0e7-3eeb-4a21-9f8f-3f20732c2870" />
      <TestMethod codeBase="D:\Visual Studio\Mohammad-Abdelfattah-BinX-Backend-Internship\CardiacMonitor\tests\CardiacMonitor.UnitTests\bin\Release\net8.0\CardiacMonitor.UnitTests.dll" adapterTypeName="executor://xunit/VsTestRunner2/netcoreapp" className="CardiacMonitor.UnitTests.Services.PatientAccessServiceTests" name="CanAccessPatientAsync_AllowsOnlyActivelyAssignedNurse" />
    </UnitTest>
    <UnitTest name="CardiacMonitor.UnitTests.Services.MedicalAlertServiceTests.AlertWorkflow_RecordsAcknowledgementAndResolutionAudit" storage="d:\visual studio\mohammad-abdelfattah-binx-backend-internship\cardiacmonitor\tests\cardiacmonitor.unittests\bin\release\net8.0\cardiacmonitor.unittests.dll" id="60ad2708-01ea-a410-fd71-8d8c95c6ce37">
      <Execution id="896c4540-a7fb-44c1-bbff-0c3b147b2927" />
      <TestMethod codeBase="D:\Visual Studio\Mohammad-Abdelfattah-BinX-Backend-Internship\CardiacMonitor\tests\CardiacMonitor.UnitTests\bin\Release\net8.0\CardiacMonitor.UnitTests.dll" adapterTypeName="executor://xunit/VsTestRunner2/netcoreapp" className="CardiacMonitor.UnitTests.Services.MedicalAlertServiceTests" name="AlertWorkflow_RecordsAcknowledgementAndResolutionAudit" />
    </UnitTest>
    <UnitTest name="CardiacMonitor.UnitTests.Validators.VitalSignQueryParametersValidatorTests.ValidateAsync_ReturnsValid_WhenQueryIsSupported" storage="d:\visual studio\mohammad-abdelfattah-binx-backend-internship\cardiacmonitor\tests\cardiacmonitor.unittests\bin\release\net8.0\cardiacmonitor.unittests.dll" id="2c851c27-844b-e193-62d3-5fabdd06fd23">
      <Execution id="022e475f-6393-4e2e-af93-2162814695be" />
      <TestMethod codeBase="D:\Visual Studio\Mohammad-Abdelfattah-BinX-Backend-Internship\CardiacMonitor\tests\CardiacMonitor.UnitTests\bin\Release\net8.0\CardiacMonitor.UnitTests.dll" adapterTypeName="executor://xunit/VsTestRunner2/netcoreapp" className="CardiacMonitor.UnitTests.Validators.VitalSignQueryParametersValidatorTests" name="ValidateAsync_ReturnsValid_WhenQueryIsSupported" />
    </UnitTest>
    <UnitTest name="CardiacMonitor.UnitTests.Services.DoctorScheduleServiceTests.AddAvailabilityAsync_RejectsOverlappingSlot" storage="d:\visual studio\mohammad-abdelfattah-binx-backend-internship\cardiacmonitor\tests\cardiacmonitor.unittests\bin\release\net8.0\cardiacmonitor.unittests.dll" id="1d0a7f0b-fdec-7244-3668-8251b16e8ae7">
      <Execution id="cb1eb3b5-c900-4264-833a-42ade70a1a9d" />
      <TestMethod codeBase="D:\Visual Studio\Mohammad-Abdelfattah-BinX-Backend-Internship\CardiacMonitor\tests\CardiacMonitor.UnitTests\bin\Release\net8.0\CardiacMonitor.UnitTests.dll" adapterTypeName="executor://xunit/VsTestRunner2/netcoreapp" className="CardiacMonitor.UnitTests.Services.DoctorScheduleServiceTests" name="AddAvailabilityAsync_RejectsOverlappingSlot" />
    </UnitTest>
    <UnitTest name="CardiacMonitor.UnitTests.Controllers.PatientsControllerTests.GetById_ReturnsForbidden_WhenPatientDoesNotOwnProfile" storage="d:\visual studio\mohammad-abdelfattah-binx-backend-internship\cardiacmonitor\tests\cardiacmonitor.unittests\bin\release\net8.0\cardiacmonitor.unittests.dll" id="f3f4c0f2-e8cf-ea42-bf6d-3c7b80aed07c">
      <Execution id="c59fbb98-7a60-46ca-91d9-2889723b62b3" />
      <TestMethod codeBase="D:\Visual Studio\Mohammad-Abdelfattah-BinX-Backend-Internship\CardiacMonitor\tests\CardiacMonitor.UnitTests\bin\Release\net8.0\CardiacMonitor.UnitTests.dll" adapterTypeName="executor://xunit/VsTestRunner2/netcoreapp" className="CardiacMonitor.UnitTests.Controllers.PatientsControllerTests" name="GetById_ReturnsForbidden_WhenPatientDoesNotOwnProfile" />
    </UnitTest>
    <UnitTest name="CardiacMonitor.UnitTests.Validators.Week7RequestValidatorTests.CareAssignmentValidator_ReturnsError_WhenNurseIdIsInvalid" storage="d:\visual studio\mohammad-abdelfattah-binx-backend-internship\cardiacmonitor\tests\cardiacmonitor.unittests\bin\release\net8.0\cardiacmonitor.unittests.dll" id="63ff835a-d71e-3c7f-e5be-636eaa7960f0">
      <Execution id="1a421d75-7b1e-48b4-8dfd-c37ec425bc92" />
      <TestMethod codeBase="D:\Visual Studio\Mohammad-Abdelfattah-BinX-Backend-Internship\CardiacMonitor\tests\CardiacMonitor.UnitTests\bin\Release\net8.0\CardiacMonitor.UnitTests.dll" adapterTypeName="executor://xunit/VsTestRunner2/netcoreapp" className="CardiacMonitor.UnitTests.Validators.Week7RequestValidatorTests" name="CareAssignmentValidator_ReturnsError_WhenNurseIdIsInvalid" />
    </UnitTest>
    <UnitTest name="CardiacMonitor.UnitTests.Validators.AppointmentValidatorTests.Validate_ReturnsInvalidResult_WhenStatusIsUnsupported(status: &quot;Pending&quot;)" storage="d:\visual studio\mohammad-abdelfattah-binx-backend-internship\cardiacmonitor\tests\cardiacmonitor.unittests\bin\release\net8.0\cardiacmonitor.unittests.dll" id="f638f260-c242-9e47-5387-135da5638348">
      <Execution id="6fa8c88d-5d68-4882-9c59-db78d535839f" />
      <TestMethod codeBase="D:\Visual Studio\Mohammad-Abdelfattah-BinX-Backend-Internship\CardiacMonitor\tests\CardiacMonitor.UnitTests\bin\Release\net8.0\CardiacMonitor.UnitTests.dll" adapterTypeName="executor://xunit/VsTestRunner2/netcoreapp" className="CardiacMonitor.UnitTests.Validators.AppointmentValidatorTests" name="Validate_ReturnsInvalidResult_WhenStatusIsUnsupported" />
    </UnitTest>
    <UnitTest name="CardiacMonitor.UnitTests.Validators.VitalSignValidatorTests.Validate_ReturnsInvalidResult_WhenHeartRateIsOutsideRange(heartRate: 251)" storage="d:\visual studio\mohammad-abdelfattah-binx-backend-internship\cardiacmonitor\tests\cardiacmonitor.unittests\bin\release\net8.0\cardiacmonitor.unittests.dll" id="1036e696-0be4-116a-e99a-894692481048">
      <Execution id="785b024b-29b1-4d22-9012-4a902c1a2781" />
      <TestMethod codeBase="D:\Visual Studio\Mohammad-Abdelfattah-BinX-Backend-Internship\CardiacMonitor\tests\CardiacMonitor.UnitTests\bin\Release\net8.0\CardiacMonitor.UnitTests.dll" adapterTypeName="executor://xunit/VsTestRunner2/netcoreapp" className="CardiacMonitor.UnitTests.Validators.VitalSignValidatorTests" name="Validate_ReturnsInvalidResult_WhenHeartRateIsOutsideRange" />
    </UnitTest>
    <UnitTest name="CardiacMonitor.UnitTests.Validators.PatientQueryParametersValidatorTests.ValidateAsync_ReturnsValid_WhenQueryIsSupported" storage="d:\visual studio\mohammad-abdelfattah-binx-backend-internship\cardiacmonitor\tests\cardiacmonitor.unittests\bin\release\net8.0\cardiacmonitor.unittests.dll" id="2720e119-3bd9-78d6-8fc6-f809eb8086b1">
      <Execution id="81eeabb1-2b25-4577-b73c-3487a19ddab3" />
      <TestMethod codeBase="D:\Visual Studio\Mohammad-Abdelfattah-BinX-Backend-Internship\CardiacMonitor\tests\CardiacMonitor.UnitTests\bin\Release\net8.0\CardiacMonitor.UnitTests.dll" adapterTypeName="executor://xunit/VsTestRunner2/netcoreapp" className="CardiacMonitor.UnitTests.Validators.PatientQueryParametersValidatorTests" name="ValidateAsync_ReturnsValid_WhenQueryIsSupported" />
    </UnitTest>
    <UnitTest name="CardiacMonitor.UnitTests.Validators.VitalSignValidatorTests.Validate_ReturnsInvalidResult_WhenHeartRateIsOutsideRange(heartRate: 500)" storage="d:\visual studio\mohammad-abdelfattah-binx-backend-internship\cardiacmonitor\tests\cardiacmonitor.unittests\bin\release\net8.0\cardiacmonitor.unittests.dll" id="ab8095e5-e14c-9db1-30aa-4622a10e2e55">
      <Execution id="23141e94-a037-4cb0-a088-f5c1c50a7476" />
      <TestMethod codeBase="D:\Visual Studio\Mohammad-Abdelfattah-BinX-Backend-Internship\CardiacMonitor\tests\CardiacMonitor.UnitTests\bin\Release\net8.0\CardiacMonitor.UnitTests.dll" adapterTypeName="executor://xunit/VsTestRunner2/netcoreapp" className="CardiacMonitor.UnitTests.Validators.VitalSignValidatorTests" name="Validate_ReturnsInvalidResult_WhenHeartRateIsOutsideRange" />
    </UnitTest>
    <UnitTest name="CardiacMonitor.UnitTests.Services.DoctorScheduleServiceTests.GetAvailabilityAsync_RefreshesCacheAfterAvailabilityIsAdded" storage="d:\visual studio\mohammad-abdelfattah-binx-backend-internship\cardiacmonitor\tests\cardiacmonitor.unittests\bin\release\net8.0\cardiacmonitor.unittests.dll" id="d1cb9082-ad77-b71a-b030-33539172dd3b">
      <Execution id="de4249ca-7e3b-4cfb-9368-70ce6983a68d" />
      <TestMethod codeBase="D:\Visual Studio\Mohammad-Abdelfattah-BinX-Backend-Internship\CardiacMonitor\tests\CardiacMonitor.UnitTests\bin\Release\net8.0\CardiacMonitor.UnitTests.dll" adapterTypeName="executor://xunit/VsTestRunner2/netcoreapp" className="CardiacMonitor.UnitTests.Services.DoctorScheduleServiceTests" name="GetAvailabilityAsync_RefreshesCacheAfterAvailabilityIsAdded" />
    </UnitTest>
    <UnitTest name="CardiacMonitor.UnitTests.Validators.PatientQueryParametersValidatorTests.ValidateAsync_ReturnsError_WhenPageSizeExceedsMaximum" storage="d:\visual studio\mohammad-abdelfattah-binx-backend-internship\cardiacmonitor\tests\cardiacmonitor.unittests\bin\release\net8.0\cardiacmonitor.unittests.dll" id="7e8cdc42-98bd-c88d-3c39-8d45e3e1ab01">
      <Execution id="af514f76-f50b-49c9-8090-ccefb6c9c6cf" />
      <TestMethod codeBase="D:\Visual Studio\Mohammad-Abdelfattah-BinX-Backend-Internship\CardiacMonitor\tests\CardiacMonitor.UnitTests\bin\Release\net8.0\CardiacMonitor.UnitTests.dll" adapterTypeName="executor://xunit/VsTestRunner2/netcoreapp" className="CardiacMonitor.UnitTests.Validators.PatientQueryParametersValidatorTests" name="ValidateAsync_ReturnsError_WhenPageSizeExceedsMaximum" />
    </UnitTest>
  </TestDefinitions>
  <TestEntries>
    <TestEntry testId="63ff835a-d71e-3c7f-e5be-636eaa7960f0" executionId="1a421d75-7b1e-48b4-8dfd-c37ec425bc92" testListId="8c84fa94-04c1-424b-9868-57a2d4851a1d" />
    <TestEntry testId="b4c4d2d1-b166-500b-ed8a-d88c5bbe0711" executionId="f5ddd657-4ae3-4030-916f-3acb611e1ffd" testListId="8c84fa94-04c1-424b-9868-57a2d4851a1d" />
    <TestEntry testId="f638f260-c242-9e47-5387-135da5638348" executionId="6fa8c88d-5d68-4882-9c59-db78d535839f" testListId="8c84fa94-04c1-424b-9868-57a2d4851a1d" />
    <TestEntry testId="50b78012-ee8a-70a4-d071-78479a8af7c7" executionId="b3b855e7-ab17-40df-8d77-352501920180" testListId="8c84fa94-04c1-424b-9868-57a2d4851a1d" />
    <TestEntry testId="e3076a61-cba0-d8f5-a020-101088d3c9e5" executionId="28987dfb-0750-4c1a-89ab-7316e023e15f" testListId="8c84fa94-04c1-424b-9868-57a2d4851a1d" />
    <TestEntry testId="60ad2708-01ea-a410-fd71-8d8c95c6ce37" executionId="896c4540-a7fb-44c1-bbff-0c3b147b2927" testListId="8c84fa94-04c1-424b-9868-57a2d4851a1d" />
    <TestEntry testId="410c036e-5d4b-de1c-5e46-593f4b2c7ee7" executionId="2db7be1f-64d3-480d-b504-091c86e89c08" testListId="8c84fa94-04c1-424b-9868-57a2d4851a1d" />
    <TestEntry testId="24ce5e18-380b-f9ce-fa28-27e7c2fe9097" executionId="828be95a-cd35-4a6f-882d-6d88b4e0a9d9" testListId="8c84fa94-04c1-424b-9868-57a2d4851a1d" />
    <TestEntry testId="2720e119-3bd9-78d6-8fc6-f809eb8086b1" executionId="81eeabb1-2b25-4577-b73c-3487a19ddab3" testListId="8c84fa94-04c1-424b-9868-57a2d4851a1d" />
    <TestEntry testId="e9387aa4-5352-dc57-219f-5ec96e772d76" executionId="a5488d80-fadb-47ad-a1be-37b9ee49d6d0" testListId="8c84fa94-04c1-424b-9868-57a2d4851a1d" />
    <TestEntry testId="3aa50b12-5b60-73cc-10bc-2a07cc752074" executionId="a609189b-d70b-4541-993c-97995aee0141" testListId="8c84fa94-04c1-424b-9868-57a2d4851a1d" />
    <TestEntry testId="dbecb87a-5732-775d-755a-bb87c7a8fd53" executionId="1893e424-80c3-4d7c-9abe-b1c1c2019290" testListId="8c84fa94-04c1-424b-9868-57a2d4851a1d" />
    <TestEntry testId="1036e696-0be4-116a-e99a-894692481048" executionId="785b024b-29b1-4d22-9012-4a902c1a2781" testListId="8c84fa94-04c1-424b-9868-57a2d4851a1d" />
    <TestEntry testId="036edec7-452d-938e-1461-28cff0b2fc5a" executionId="543e111c-8971-4a9a-9dd9-99ada7d293fb" testListId="8c84fa94-04c1-424b-9868-57a2d4851a1d" />
    <TestEntry testId="76163c1c-34dd-2ba1-3fe5-a42aa0a1b518" executionId="4be44604-15ff-430b-b03e-ff0a9bce3834" testListId="8c84fa94-04c1-424b-9868-57a2d4851a1d" />
    <TestEntry testId="c7dbd96a-9326-f957-0332-ac17636f0bb4" executionId="dee262a0-2ed2-47aa-a2b8-3b43e5b665a5" testListId="8c84fa94-04c1-424b-9868-57a2d4851a1d" />
    <TestEntry testId="e5233957-0754-b80d-c6f5-0b5408e4a70e" executionId="dd4b27c0-e4db-4445-8380-9436d928a29f" testListId="8c84fa94-04c1-424b-9868-57a2d4851a1d" />
    <TestEntry testId="666b30db-320d-0a23-f274-38f673a29435" executionId="1aa8b0e7-3eeb-4a21-9f8f-3f20732c2870" testListId="8c84fa94-04c1-424b-9868-57a2d4851a1d" />
    <TestEntry testId="4646bc9d-16dd-1d12-a54d-bbd4b3e67d49" executionId="a75396fe-cdef-481e-9ae0-9064e3d4c766" testListId="8c84fa94-04c1-424b-9868-57a2d4851a1d" />
    <TestEntry testId="87df3e20-9fcc-fb1b-4d2a-10e83ece6ff2" executionId="96b0d72f-1b01-4db5-8502-3fe4a2d2e866" testListId="8c84fa94-04c1-424b-9868-57a2d4851a1d" />
    <TestEntry testId="1d0a7f0b-fdec-7244-3668-8251b16e8ae7" executionId="cb1eb3b5-c900-4264-833a-42ade70a1a9d" testListId="8c84fa94-04c1-424b-9868-57a2d4851a1d" />
    <TestEntry testId="cf4f72c3-3046-1d44-994b-c930b75a2a1f" executionId="3f741e47-86a4-4df1-9d3b-13fcc460730d" testListId="8c84fa94-04c1-424b-9868-57a2d4851a1d" />
    <TestEntry testId="1987a8e2-4db4-8c72-3071-7b4c95fbddd7" executionId="8208f8b2-c5e1-4760-868e-e11a191a03f1" testListId="8c84fa94-04c1-424b-9868-57a2d4851a1d" />
    <TestEntry testId="7f9566a2-16f3-8503-4c3f-c86f1b3fcaf9" executionId="cb2ca154-8fdd-4419-bbc3-b04e848f2f05" testListId="8c84fa94-04c1-424b-9868-57a2d4851a1d" />
    <TestEntry testId="c08ff032-741a-e511-a8fc-ed56a41132d6" executionId="c7251122-d5c5-48d6-b44a-653ff8a4b781" testListId="8c84fa94-04c1-424b-9868-57a2d4851a1d" />
    <TestEntry testId="3c1e8207-a4ae-7700-507e-f8c6cf15dd9e" executionId="b6998fd3-0eb1-4780-bcdf-890796a4fa70" testListId="8c84fa94-04c1-424b-9868-57a2d4851a1d" />
    <TestEntry testId="2c851c27-844b-e193-62d3-5fabdd06fd23" executionId="022e475f-6393-4e2e-af93-2162814695be" testListId="8c84fa94-04c1-424b-9868-57a2d4851a1d" />
    <TestEntry testId="9bc73a2c-80fc-695a-7e2b-b1840d47c061" executionId="c94ac214-a665-4e76-b994-03512d6d98ab" testListId="8c84fa94-04c1-424b-9868-57a2d4851a1d" />
    <TestEntry testId="d1cb9082-ad77-b71a-b030-33539172dd3b" executionId="de4249ca-7e3b-4cfb-9368-70ce6983a68d" testListId="8c84fa94-04c1-424b-9868-57a2d4851a1d" />
    <TestEntry testId="7e8cdc42-98bd-c88d-3c39-8d45e3e1ab01" executionId="af514f76-f50b-49c9-8090-ccefb6c9c6cf" testListId="8c84fa94-04c1-424b-9868-57a2d4851a1d" />
    <TestEntry testId="2dd6bd30-df49-8a88-e94f-98d5c270751a" executionId="1bb06e63-d14a-4093-8a98-1cbb563b15dc" testListId="8c84fa94-04c1-424b-9868-57a2d4851a1d" />
    <TestEntry testId="a638ba9c-8361-d3ac-527f-626d91f7b790" executionId="3d235b9c-2abc-44a5-95f9-6b6232696cd6" testListId="8c84fa94-04c1-424b-9868-57a2d4851a1d" />
    <TestEntry testId="6a86eb3d-ff05-11a2-765a-34515fb24bea" executionId="6f73ec8e-87db-4e27-93d8-e2ad621e0b35" testListId="8c84fa94-04c1-424b-9868-57a2d4851a1d" />
    <TestEntry testId="ab8095e5-e14c-9db1-30aa-4622a10e2e55" executionId="23141e94-a037-4cb0-a088-f5c1c50a7476" testListId="8c84fa94-04c1-424b-9868-57a2d4851a1d" />
    <TestEntry testId="f3f4c0f2-e8cf-ea42-bf6d-3c7b80aed07c" executionId="c59fbb98-7a60-46ca-91d9-2889723b62b3" testListId="8c84fa94-04c1-424b-9868-57a2d4851a1d" />
  </TestEntries>
  <TestLists>
    <TestList name="Results Not in a List" id="8c84fa94-04c1-424b-9868-57a2d4851a1d" />
    <TestList name="All Loaded Results" id="19431567-8539-422a-85d7-44ee4e166bda" />
  </TestLists>
  <ResultSummary outcome="Completed">
    <Counters total="35" executed="35" passed="35" failed="0" error="0" timeout="0" aborted="0" inconclusive="0" passedButRunAborted="0" notRunnable="0" notExecuted="0" disconnected="0" warning="0" completed="0" inProgress="0" pending="0" />
    <Output>
      <StdOut>[xUnit.net 00:00:00.00] xUnit.net VSTest Adapter v2.5.3.1+6b60a9e56a (64-bit .NET 8.0.31)&#xD;
[xUnit.net 00:00:00.14]   Discovering: CardiacMonitor.UnitTests&#xD;
[xUnit.net 00:00:00.24]   Discovered:  CardiacMonitor.UnitTests&#xD;
[xUnit.net 00:00:00.24]   Starting:    CardiacMonitor.UnitTests&#xD;
[xUnit.net 00:00:01.68]   Finished:    CardiacMonitor.UnitTests&#xD;
</StdOut>
    </Output>
  </ResultSummary>
</TestRun>